Apr 18 01:08:12 raspberrypi kernel: [    0.000000] Booting Linux on physical CPU 0x0
Apr 18 01:08:12 raspberrypi kernel: [    0.000000] Linux version 4.14.34-v7+ (dc4@dc4-XPS13-9333) (gcc version 4.9.3 (crosstool-NG crosstool-ng-1.22.0-88-g8460611)) #1110 SMP Mon Apr 16 15:18:51 BST 2018
Apr 18 01:08:12 raspberrypi kernel: [    0.000000] CPU: ARMv7 Processor [410fd034] revision 4 (ARMv7), cr=10c5383d
Apr 18 01:08:12 raspberrypi kernel: [    0.000000] CPU: div instructions available: patching division code
Apr 18 01:08:12 raspberrypi kernel: [    0.000000] CPU: PIPT / VIPT nonaliasing data cache, VIPT aliasing instruction cache
Apr 18 01:08:12 raspberrypi kernel: [    0.000000] OF: fdt: Machine model: Raspberry Pi 3 Model B Plus Rev 1.3
Apr 18 01:08:12 raspberrypi kernel: [    0.000000] Memory policy: Data cache writealloc
Apr 18 01:08:12 raspberrypi kernel: [    0.000000] cma: Reserved 8 MiB at 0x37800000
Apr 18 01:08:12 raspberrypi kernel: [    0.000000] random: fast init done
Apr 18 01:08:12 raspberrypi kernel: [    0.000000] percpu: Embedded 17 pages/cpu @b6fbf000 s38720 r8192 d22720 u69632
Apr 18 01:08:12 raspberrypi kernel: [    0.000000] Built 1 zonelists, mobility grouping on.  Total pages: 227360
Apr 18 01:08:12 raspberrypi kernel: [    0.000000] Kernel command line: 8250.nr_uarts=0 bcm2708_fb.fbwidth=656 bcm2708_fb.fbheight=416 bcm2708_fb.fbswap=1 vc_mem.mem_base=0x3ec00000 vc_mem.mem_size=0x40000000  dwc_otg.lpm_enable=0 console=ttyS0,115200 console=tty1 root=PARTUUID=73b63534-02 rootfstype=ext4 elevator=deadline fsck.repair=yes rootwait
Apr 18 01:08:12 raspberrypi kernel: [    0.000000] PID hash table entries: 4096 (order: 2, 16384 bytes)
Apr 18 01:08:12 raspberrypi kernel: [    0.000000] Dentry cache hash table entries: 131072 (order: 7, 524288 bytes)
Apr 18 01:08:12 raspberrypi kernel: [    0.000000] Inode-cache hash table entries: 65536 (order: 6, 262144 bytes)
Apr 18 01:08:12 raspberrypi kernel: [    0.000000] Memory: 887456K/917504K available (7168K kernel code, 575K rwdata, 2072K rodata, 1024K init, 706K bss, 21856K reserved, 8192K cma-reserved)
Apr 18 01:08:12 raspberrypi kernel: [    0.000000] Virtual kernel memory layout:
Apr 18 01:08:12 raspberrypi kernel: [    0.000000]     vector  : 0xffff0000 - 0xffff1000   (   4 kB)
Apr 18 01:08:12 raspberrypi kernel: [    0.000000]     fixmap  : 0xffc00000 - 0xfff00000   (3072 kB)
Apr 18 01:08:12 raspberrypi kernel: [    0.000000]     vmalloc : 0xb8800000 - 0xff800000   (1136 MB)
Apr 18 01:08:12 raspberrypi kernel: [    0.000000]     lowmem  : 0x80000000 - 0xb8000000   ( 896 MB)
Apr 18 01:08:12 raspberrypi kernel: [    0.000000]     modules : 0x7f000000 - 0x80000000   (  16 MB)
Apr 18 01:08:12 raspberrypi kernel: [    0.000000]       .text : 0x80008000 - 0x80800000   (8160 kB)
Apr 18 01:08:12 raspberrypi kernel: [    0.000000]       .init : 0x80b00000 - 0x80c00000   (1024 kB)
Apr 18 01:08:12 raspberrypi kernel: [    0.000000]       .data : 0x80c00000 - 0x80c8fd4c   ( 576 kB)
Apr 18 01:08:12 raspberrypi kernel: [    0.000000]        .bss : 0x80c96f4c - 0x80d478b4   ( 707 kB)
Apr 18 01:08:12 raspberrypi kernel: [    0.000000] SLUB: HWalign=64, Order=0-3, MinObjects=0, CPUs=4, Nodes=1
Apr 18 01:08:12 raspberrypi kernel: [    0.000000] ftrace: allocating 25231 entries in 74 pages
Apr 18 01:08:12 raspberrypi kernel: [    0.000000] Hierarchical RCU implementation.
Apr 18 01:08:12 raspberrypi kernel: [    0.000000] NR_IRQS: 16, nr_irqs: 16, preallocated irqs: 16
Apr 18 01:08:12 raspberrypi kernel: [    0.000000] arch_timer: cp15 timer(s) running at 19.20MHz (phys).
Apr 18 01:08:12 raspberrypi kernel: [    0.000000] clocksource: arch_sys_counter: mask: 0xffffffffffffff max_cycles: 0x46d987e47, max_idle_ns: 440795202767 ns
Apr 18 01:08:12 raspberrypi kernel: [    0.000007] sched_clock: 56 bits at 19MHz, resolution 52ns, wraps every 4398046511078ns
Apr 18 01:08:12 raspberrypi kernel: [    0.000023] Switching to timer-based delay loop, resolution 52ns
Apr 18 01:08:12 raspberrypi kernel: [    0.000277] Console: colour dummy device 80x30
Apr 18 01:08:12 raspberrypi kernel: [    0.000821] console [tty1] enabled
Apr 18 01:08:12 raspberrypi kernel: [    0.000858] Calibrating delay loop (skipped), value calculated using timer frequency.. 38.40 BogoMIPS (lpj=192000)
Apr 18 01:08:12 raspberrypi kernel: [    0.000899] pid_max: default: 32768 minimum: 301
Apr 18 01:08:12 raspberrypi kernel: [    0.001225] Mount-cache hash table entries: 2048 (order: 1, 8192 bytes)
Apr 18 01:08:12 raspberrypi kernel: [    0.001258] Mountpoint-cache hash table entries: 2048 (order: 1, 8192 bytes)
Apr 18 01:08:12 raspberrypi kernel: [    0.002211] Disabling memory control group subsystem
Apr 18 01:08:12 raspberrypi mtp-probe: checking bus 1, device 4: "/sys/devices/platform/soc/3f980000.usb/usb1/1-1/1-1.1/1-1.1.1"
Apr 18 01:08:12 raspberrypi kernel: [    0.002310] CPU: Testing write buffer coherency: ok
Apr 18 01:08:12 raspberrypi kernel: [    0.002717] CPU0: thread -1, cpu 0, socket 0, mpidr 80000000
Apr 18 01:08:12 raspberrypi kernel: [    0.003109] Setting up static identity map for 0x100000 - 0x10003c
Apr 18 01:08:12 raspberrypi kernel: [    0.003242] Hierarchical SRCU implementation.
Apr 18 01:08:12 raspberrypi kernel: [    0.003893] smp: Bringing up secondary CPUs ...
Apr 18 01:08:12 raspberrypi mtp-probe: bus: 1, device: 4 was not an MTP device
Apr 18 01:08:12 raspberrypi kernel: [    0.004592] CPU1: thread -1, cpu 1, socket 0, mpidr 80000001
Apr 18 01:08:12 raspberrypi kernel: [    0.005343] CPU2: thread -1, cpu 2, socket 0, mpidr 80000002
Apr 18 01:08:12 raspberrypi kernel: [    0.006072] CPU3: thread -1, cpu 3, socket 0, mpidr 80000003
Apr 18 01:08:12 raspberrypi kernel: [    0.006174] smp: Brought up 1 node, 4 CPUs
Apr 18 01:08:12 raspberrypi kernel: [    0.006245] SMP: Total of 4 processors activated (153.60 BogoMIPS).
Apr 18 01:08:12 raspberrypi kernel: [    0.006266] CPU: All CPU(s) started in HYP mode.
Apr 18 01:08:12 raspberrypi kernel: [    0.006284] CPU: Virtualization extensions available.
Apr 18 01:08:12 raspberrypi kernel: [    0.007144] devtmpfs: initialized
Apr 18 01:08:12 raspberrypi kernel: [    0.017567] VFP support v0.3: implementor 41 architecture 3 part 40 variant 3 rev 4
Apr 18 01:08:12 raspberrypi kernel: [    0.017821] clocksource: jiffies: mask: 0xffffffff max_cycles: 0xffffffff, max_idle_ns: 19112604462750000 ns
Apr 18 01:08:12 raspberrypi kernel: [    0.017866] futex hash table entries: 1024 (order: 4, 65536 bytes)
Apr 18 01:08:12 raspberrypi kernel: [    0.018441] pinctrl core: initialized pinctrl subsystem
Apr 18 01:08:12 raspberrypi kernel: [    0.019201] NET: Registered protocol family 16
Apr 18 01:08:12 raspberrypi kernel: [    0.021811] DMA: preallocated 1024 KiB pool for atomic coherent allocations
Apr 18 01:08:12 raspberrypi kernel: [    0.026509] hw-breakpoint: found 5 (+1 reserved) breakpoint and 4 watchpoint registers.
Apr 18 01:08:12 raspberrypi kernel: [    0.026542] hw-breakpoint: maximum watchpoint size is 8 bytes.
Apr 18 01:08:12 raspberrypi kernel: [    0.026760] Serial: AMBA PL011 UART driver
Apr 18 01:08:12 raspberrypi kernel: [    0.028392] bcm2835-mbox 3f00b880.mailbox: mailbox enabled
Apr 18 01:08:12 raspberrypi kernel: [    0.028870] uart-pl011 3f201000.serial: could not find pctldev for node /soc/gpio@7e200000/uart0_pins, deferring probe
Apr 18 01:08:12 raspberrypi kernel: [    0.059729] bcm2835-dma 3f007000.dma: DMA legacy API manager at b8813000, dmachans=0x1
Apr 18 01:08:12 raspberrypi kernel: [    0.061258] SCSI subsystem initialized
Apr 18 01:08:12 raspberrypi kernel: [    0.061495] usbcore: registered new interface driver usbfs
Apr 18 01:08:12 raspberrypi kernel: [    0.061564] usbcore: registered new interface driver hub
Apr 18 01:08:12 raspberrypi kernel: [    0.061665] usbcore: registered new device driver usb
Apr 18 01:08:12 raspberrypi kernel: [    0.070070] raspberrypi-firmware soc:firmware: Attached to firmware from 2018-04-16 18:21
Apr 18 01:08:12 raspberrypi kernel: [    0.071380] clocksource: Switched to clocksource arch_sys_counter
Apr 18 01:08:12 raspberrypi kernel: [    0.148782] VFS: Disk quotas dquot_6.6.0
Apr 18 01:08:12 raspberrypi kernel: [    0.148895] VFS: Dquot-cache hash table entries: 1024 (order 0, 4096 bytes)
Apr 18 01:08:12 raspberrypi kernel: [    0.149100] FS-Cache: Loaded
Apr 18 01:08:12 raspberrypi kernel: [    0.149310] CacheFiles: Loaded
Apr 18 01:08:12 raspberrypi kernel: [    0.158135] NET: Registered protocol family 2
Apr 18 01:08:12 raspberrypi kernel: [    0.158875] TCP established hash table entries: 8192 (order: 3, 32768 bytes)
Apr 18 01:08:12 raspberrypi kernel: [    0.159005] TCP bind hash table entries: 8192 (order: 4, 65536 bytes)
Apr 18 01:08:12 raspberrypi kernel: [    0.159207] TCP: Hash tables configured (established 8192 bind 8192)
Apr 18 01:08:12 raspberrypi kernel: [    0.159354] UDP hash table entries: 512 (order: 2, 16384 bytes)
Apr 18 01:08:12 raspberrypi kernel: [    0.159415] UDP-Lite hash table entries: 512 (order: 2, 16384 bytes)
Apr 18 01:08:12 raspberrypi kernel: [    0.159661] NET: Registered protocol family 1
Apr 18 01:08:12 raspberrypi kernel: [    0.160121] RPC: Registered named UNIX socket transport module.
Apr 18 01:08:12 raspberrypi kernel: [    0.160146] RPC: Registered udp transport module.
Apr 18 01:08:12 raspberrypi kernel: [    0.160165] RPC: Registered tcp transport module.
Apr 18 01:08:12 raspberrypi kernel: [    0.160184] RPC: Registered tcp NFSv4.1 backchannel transport module.
Apr 18 01:08:12 raspberrypi kernel: [    0.161655] hw perfevents: enabled with armv7_cortex_a7 PMU driver, 7 counters available
Apr 18 01:08:12 raspberrypi kernel: [    0.164413] workingset: timestamp_bits=14 max_order=18 bucket_order=4
Apr 18 01:08:12 raspberrypi kernel: [    0.172338] FS-Cache: Netfs 'nfs' registered for caching
Apr 18 01:08:12 raspberrypi kernel: [    0.172947] NFS: Registering the id_resolver key type
Apr 18 01:08:12 raspberrypi kernel: [    0.172997] Key type id_resolver registered
Apr 18 01:08:12 raspberrypi kernel: [    0.173017] Key type id_legacy registered
Apr 18 01:08:12 raspberrypi kernel: [    0.173046] nfs4filelayout_init: NFSv4 File Layout Driver Registering...
Apr 18 01:08:12 raspberrypi kernel: [    0.174911] Block layer SCSI generic (bsg) driver version 0.4 loaded (major 251)
Apr 18 01:08:12 raspberrypi kernel: [    0.175059] io scheduler noop registered
Apr 18 01:08:12 raspberrypi kernel: [    0.175081] io scheduler deadline registered (default)
Apr 18 01:08:12 raspberrypi kernel: [    0.175374] io scheduler cfq registered
Apr 18 01:08:12 raspberrypi kernel: [    0.175396] io scheduler mq-deadline registered
Apr 18 01:08:12 raspberrypi kernel: [    0.175416] io scheduler kyber registered
Apr 18 01:08:12 raspberrypi kernel: [    0.177684] BCM2708FB: allocated DMA memory f7900000
Apr 18 01:08:12 raspberrypi kernel: [    0.177727] BCM2708FB: allocated DMA channel 0 @ b8813000
Apr 18 01:08:12 raspberrypi kernel: [    0.186240] Console: switching to colour frame buffer device 82x26
Apr 18 01:08:12 raspberrypi kernel: [    0.194470] bcm2835-rng 3f104000.rng: hwrng registered
Apr 18 01:08:12 raspberrypi kernel: [    0.196887] vc-mem: phys_addr:0x00000000 mem_base=0x3ec00000 mem_size:0x40000000(1024 MiB)
Apr 18 01:08:12 raspberrypi kernel: [    0.202050] vc-sm: Videocore shared memory driver
Apr 18 01:08:12 raspberrypi mtp-probe: checking bus 1, device 4: "/sys/devices/platform/soc/3f980000.usb/usb1/1-1/1-1.1/1-1.1.1"
Apr 18 01:08:12 raspberrypi mtp-probe: bus: 1, device: 4 was not an MTP device
Apr 18 01:08:12 raspberrypi kernel: [    0.204637] gpiomem-bcm2835 3f200000.gpiomem: Initialised: Registers at 0x3f200000
Apr 18 01:08:12 raspberrypi kernel: [    0.218790] brd: module loaded
Apr 18 01:08:12 raspberrypi kernel: [    0.229668] loop: module loaded
Apr 18 01:08:12 raspberrypi kernel: [    0.231985] Loading iSCSI transport class v2.0-870.
Apr 18 01:08:12 raspberrypi kernel: [    0.234942] libphy: Fixed MDIO Bus: probed
Apr 18 01:08:12 raspberrypi kernel: [    0.237298] usbcore: registered new interface driver lan78xx
Apr 18 01:08:12 raspberrypi kernel: [    0.239629] usbcore: registered new interface driver smsc95xx
Apr 18 01:08:12 raspberrypi kernel: [    0.241821] dwc_otg: version 3.00a 10-AUG-2012 (platform bus)
Apr 18 01:08:12 raspberrypi kernel: [    0.472083] Core Release: 2.80a
Apr 18 01:08:12 raspberrypi kernel: [    0.474258] Setting default values for core params
Apr 18 01:08:12 raspberrypi kernel: [    0.476501] Finished setting default values for core params
Apr 18 01:08:12 raspberrypi kernel: [    0.679042] Using Buffer DMA mode
Apr 18 01:08:12 raspberrypi kernel: [    0.681336] Periodic Transfer Interrupt Enhancement - disabled
Apr 18 01:08:12 raspberrypi kernel: [    0.683724] Multiprocessor Interrupt Enhancement - disabled
Apr 18 01:08:12 raspberrypi kernel: [    0.686156] OTG VER PARAM: 0, OTG VER FLAG: 0
Apr 18 01:08:12 raspberrypi kernel: [    0.688542] Dedicated Tx FIFOs mode
Apr 18 01:08:12 raspberrypi kernel: [    0.691203] WARN::dwc_otg_hcd_init:1046: FIQ DMA bounce buffers: virt = 0xb7914000 dma = 0xf7914000 len=9024
Apr 18 01:08:12 raspberrypi kernel: [    0.695933] FIQ FSM acceleration enabled for :
Apr 18 01:08:12 raspberrypi kernel: [    0.695933] Non-periodic Split Transactions
Apr 18 01:08:12 raspberrypi kernel: [    0.695933] Periodic Split Transactions
Apr 18 01:08:12 raspberrypi kernel: [    0.695933] High-Speed Isochronous Endpoints
Apr 18 01:08:12 raspberrypi kernel: [    0.695933] Interrupt/Control Split Transaction hack enabled
Apr 18 01:08:12 raspberrypi kernel: [    0.707061] WARN::hcd_init_fiq:459: FIQ on core 1 at 0x805e6a40
Apr 18 01:08:12 raspberrypi kernel: [    0.709350] WARN::hcd_init_fiq:460: FIQ ASM at 0x805e6da8 length 36
Apr 18 01:08:12 raspberrypi kernel: [    0.711617] WARN::hcd_init_fiq:486: MPHI regs_base at 0xb887e000
Apr 18 01:08:12 raspberrypi kernel: [    0.713899] dwc_otg 3f980000.usb: DWC OTG Controller
Apr 18 01:08:12 raspberrypi kernel: [    0.716224] dwc_otg 3f980000.usb: new USB bus registered, assigned bus number 1
Apr 18 01:08:12 raspberrypi kernel: [    0.718594] dwc_otg 3f980000.usb: irq 62, io mem 0x00000000
Apr 18 01:08:12 raspberrypi kernel: [    0.720916] Init: Port Power? op_state=1
Apr 18 01:08:12 raspberrypi kernel: [    0.723196] Init: Power Port (0)
Apr 18 01:08:12 raspberrypi kernel: [    0.725597] usb usb1: New USB device found, idVendor=1d6b, idProduct=0002
Apr 18 01:08:12 raspberrypi kernel: [    0.727912] usb usb1: New USB device strings: Mfr=3, Product=2, SerialNumber=1
Apr 18 01:08:12 raspberrypi kernel: [    0.730213] usb usb1: Product: DWC OTG Controller
Apr 18 01:08:12 raspberrypi kernel: [    0.732490] usb usb1: Manufacturer: Linux 4.14.34-v7+ dwc_otg_hcd
Apr 18 01:08:12 raspberrypi kernel: [    0.734770] usb usb1: SerialNumber: 3f980000.usb
Apr 18 01:08:12 raspberrypi kernel: [    0.737599] hub 1-0:1.0: USB hub found
Apr 18 01:08:12 raspberrypi kernel: [    0.739805] hub 1-0:1.0: 1 port detected
Apr 18 01:08:12 raspberrypi kernel: [    0.742664] usbcore: registered new interface driver usb-storage
Apr 18 01:08:12 raspberrypi kernel: [    0.744954] mousedev: PS/2 mouse device common for all mice
Apr 18 01:08:12 raspberrypi kernel: [    0.747172] IR NEC protocol handler initialized
Apr 18 01:08:12 raspberrypi kernel: [    0.749337] IR RC5(x/sz) protocol handler initialized
Apr 18 01:08:12 raspberrypi kernel: [    0.751557] IR RC6 protocol handler initialized
Apr 18 01:08:12 raspberrypi kernel: [    0.753730] IR JVC protocol handler initialized
Apr 18 01:08:12 raspberrypi kernel: [    0.755803] IR Sony protocol handler initialized
Apr 18 01:08:12 raspberrypi kernel: [    0.757886] IR SANYO protocol handler initialized
Apr 18 01:08:12 raspberrypi kernel: [    0.759965] IR Sharp protocol handler initialized
Apr 18 01:08:12 raspberrypi kernel: [    0.761965] IR MCE Keyboard/mouse protocol handler initialized
Apr 18 01:08:12 raspberrypi kernel: [    0.763982] IR XMP protocol handler initialized
Apr 18 01:08:12 raspberrypi kernel: [    0.766630] bcm2835-wdt 3f100000.watchdog: Broadcom BCM2835 watchdog timer
Apr 18 01:08:12 raspberrypi kernel: [    0.768959] bcm2835-cpufreq: min=600000 max=1400000
Apr 18 01:08:12 raspberrypi kernel: [    0.771427] sdhci: Secure Digital Host Controller Interface driver
Apr 18 01:08:12 raspberrypi kernel: [    0.773550] sdhci: Copyright(c) Pierre Ossman
Apr 18 01:08:12 raspberrypi kernel: [    0.775979] mmc-bcm2835 3f300000.mmc: could not get clk, deferring probe
Apr 18 01:08:12 raspberrypi kernel: [    0.778439] sdhost-bcm2835 3f202000.mmc: could not get clk, deferring probe
Apr 18 01:08:12 raspberrypi kernel: [    0.780719] sdhci-pltfm: SDHCI platform and OF driver helper
Apr 18 01:08:12 raspberrypi kernel: [    0.784361] ledtrig-cpu: registered to indicate activity on CPUs
Apr 18 01:08:12 raspberrypi kernel: [    0.786744] hidraw: raw HID events driver (C) Jiri Kosina
Apr 18 01:08:12 raspberrypi kernel: [    0.789191] usbcore: registered new interface driver usbhid
Apr 18 01:08:12 raspberrypi kernel: [    0.791508] usbhid: USB HID core driver
Apr 18 01:08:12 raspberrypi kernel: [    0.794343] vchiq: vchiq_init_state: slot_zero = b7980000, is_master = 0
Apr 18 01:08:12 raspberrypi kernel: [    0.798036] [vc_sm_connected_init]: start
Apr 18 01:08:12 raspberrypi kernel: [    0.806703] [vc_sm_connected_init]: end - returning 0
Apr 18 01:08:12 raspberrypi kernel: [    0.809555] Initializing XFRM netlink socket
Apr 18 01:08:12 raspberrypi kernel: [    0.811962] NET: Registered protocol family 17
Apr 18 01:08:12 raspberrypi kernel: [    0.814412] Key type dns_resolver registered
Apr 18 01:08:12 raspberrypi kernel: [    0.817171] Registering SWP/SWPB emulation handler
Apr 18 01:08:12 raspberrypi kernel: [    0.820183] registered taskstats version 1
Apr 18 01:08:12 raspberrypi kernel: [    0.828485] uart-pl011 3f201000.serial: cts_event_workaround enabled
Apr 18 01:08:12 raspberrypi kernel: [    0.831045] 3f201000.serial: ttyAMA0 at MMIO 0x3f201000 (irq = 87, base_baud = 0) is a PL011 rev2
Apr 18 01:08:12 raspberrypi kernel: [    0.837804] mmc-bcm2835 3f300000.mmc: mmc_debug:0 mmc_debug2:0
Apr 18 01:08:12 raspberrypi kernel: [    0.840337] mmc-bcm2835 3f300000.mmc: DMA channel allocated
Apr 18 01:08:12 raspberrypi kernel: [    0.902014] sdhost: log_buf @ b7913000 (f7913000)
Apr 18 01:08:12 raspberrypi kernel: [    0.942041] mmc1: queuing unknown CIS tuple 0x80 (2 bytes)
Apr 18 01:08:12 raspberrypi kernel: [    0.946025] mmc1: queuing unknown CIS tuple 0x80 (3 bytes)
Apr 18 01:08:12 raspberrypi kernel: [    0.949887] mmc1: queuing unknown CIS tuple 0x80 (3 bytes)
Apr 18 01:08:12 raspberrypi kernel: [    0.954877] mmc1: queuing unknown CIS tuple 0x80 (7 bytes)
Apr 18 01:08:12 raspberrypi kernel: [    0.961508] Indeed it is in host mode hprt0 = 00021501
Apr 18 01:08:12 raspberrypi kernel: [    1.051401] mmc0: sdhost-bcm2835 loaded - DMA enabled (>1)
Apr 18 01:08:12 raspberrypi kernel: [    1.054554] of_cfs_init
Apr 18 01:08:12 raspberrypi kernel: [    1.056681] of_cfs_init: OK
Apr 18 01:08:12 raspberrypi kernel: [    1.059061] Waiting for root device PARTUUID=73b63534-02...
Apr 18 01:08:12 raspberrypi kernel: [    1.105304] mmc1: new high speed SDIO card at address 0001
Apr 18 01:08:12 raspberrypi kernel: [    1.171423] usb 1-1: new high-speed USB device number 2 using dwc_otg
Apr 18 01:08:12 raspberrypi kernel: [    1.173635] Indeed it is in host mode hprt0 = 00001101
Apr 18 01:08:12 raspberrypi kernel: [    1.245847] mmc0: host does not support reading read-only switch, assuming write-enable
Apr 18 01:08:12 raspberrypi kernel: [    1.253986] mmc0: new high speed SDHC card at address aaaa
Apr 18 01:08:12 raspberrypi kernel: [    1.256739] mmcblk0: mmc0:aaaa SC32G 29.7 GiB
Apr 18 01:08:12 raspberrypi kernel: [    1.263219]  mmcblk0: p1 p2
Apr 18 01:08:12 raspberrypi kernel: [    1.303144] EXT4-fs (mmcblk0p2): mounted filesystem with ordered data mode. Opts: (null)
Apr 18 01:08:12 raspberrypi kernel: [    1.307529] VFS: Mounted root (ext4 filesystem) readonly on device 179:2.
Apr 18 01:08:12 raspberrypi kernel: [    1.317276] devtmpfs: mounted
Apr 18 01:08:12 raspberrypi kernel: [    1.322564] Freeing unused kernel memory: 1024K
Apr 18 01:08:12 raspberrypi kernel: [    1.411684] usb 1-1: New USB device found, idVendor=0424, idProduct=2514
Apr 18 01:08:12 raspberrypi kernel: [    1.414312] usb 1-1: New USB device strings: Mfr=0, Product=0, SerialNumber=0
Apr 18 01:08:12 raspberrypi kernel: [    1.417588] hub 1-1:1.0: USB hub found
Apr 18 01:08:12 raspberrypi kernel: [    1.420308] hub 1-1:1.0: 4 ports detected
Apr 18 01:08:12 raspberrypi kernel: [    1.741432] usb 1-1.1: new high-speed USB device number 3 using dwc_otg
Apr 18 01:08:12 raspberrypi kernel: [    1.866843] NET: Registered protocol family 10
Apr 18 01:08:12 raspberrypi kernel: [    1.870724] Segment Routing with IPv6
Apr 18 01:08:12 raspberrypi kernel: [    1.881756] usb 1-1.1: New USB device found, idVendor=0424, idProduct=2514
Apr 18 01:08:12 raspberrypi kernel: [    1.884550] usb 1-1.1: New USB device strings: Mfr=0, Product=0, SerialNumber=0
Apr 18 01:08:12 raspberrypi kernel: [    1.885645] ip_tables: (C) 2000-2006 Netfilter Core Team
Apr 18 01:08:12 raspberrypi kernel: [    1.890579] hub 1-1.1:1.0: USB hub found
Apr 18 01:08:12 raspberrypi kernel: [    1.893317] hub 1-1.1:1.0: 3 ports detected
Apr 18 01:08:12 raspberrypi kernel: [    2.248912] dwc_otg_handle_wakeup_detected_intr lxstate = 2
Apr 18 01:08:12 raspberrypi kernel: [    2.821464] usb 1-1.1.1: new high-speed USB device number 4 using dwc_otg
Apr 18 01:08:12 raspberrypi kernel: [    2.951864] usb 1-1.1.1: New USB device found, idVendor=0424, idProduct=7800
Apr 18 01:08:12 raspberrypi kernel: [    2.951881] usb 1-1.1.1: New USB device strings: Mfr=0, Product=0, SerialNumber=0
Apr 18 01:08:12 raspberrypi kernel: [    3.225199] libphy: lan78xx-mdiobus: probed
Apr 18 01:08:12 raspberrypi kernel: [    5.755243] EXT4-fs (mmcblk0p2): re-mounted. Opts: (null)
Apr 18 01:08:12 raspberrypi kernel: [    6.304424] snd_bcm2835: module is from the staging directory, the quality is unknown, you have been warned.
Apr 18 01:08:12 raspberrypi kernel: [    6.315554] bcm2835_alsa bcm2835_alsa: card created with 8 channels
Apr 18 01:08:12 raspberrypi kernel: [    6.391588] usbcore: registered new interface driver brcmfmac
Apr 18 01:08:12 raspberrypi kernel: [    6.639169] random: crng init done
Apr 18 01:08:12 raspberrypi kernel: [    7.359278] uart-pl011 3f201000.serial: no DMA platform data
Apr 18 01:08:12 raspberrypi liblogging-stdlog:  [origin software="rsyslogd" swVersion="8.24.0" x-pid="325" x-info="http://www.rsyslog.com"] start
Apr 18 01:08:13 raspberrypi kernel: [    7.736649] EXT4-fs (mmcblk0p2): resizing filesystem from 442368 to 7779456 blocks
Apr 18 01:08:18 raspberrypi kernel: [   12.800182] Adding 102396k swap on /var/swap.  Priority:-2 extents:1 across:102396k SSFS
Apr 18 01:08:18 raspberrypi kernel: [   13.283498] IPv6: ADDRCONF(NETDEV_UP): wlan0: link is not ready
Apr 18 01:08:18 raspberrypi kernel: [   13.283507] brcmfmac: power management disabled
Apr 18 01:08:19 raspberrypi kernel: [   13.731327] Bluetooth: Core ver 2.22
Apr 18 01:08:19 raspberrypi kernel: [   13.731416] NET: Registered protocol family 31
Apr 18 01:08:19 raspberrypi kernel: [   13.731419] Bluetooth: HCI device and connection manager initialized
Apr 18 01:08:19 raspberrypi kernel: [   13.731438] Bluetooth: HCI socket layer initialized
Apr 18 01:08:19 raspberrypi kernel: [   13.731444] Bluetooth: L2CAP socket layer initialized
Apr 18 01:08:19 raspberrypi kernel: [   13.731465] Bluetooth: SCO socket layer initialized
Apr 18 01:08:19 raspberrypi kernel: [   13.793393] IPv6: ADDRCONF(NETDEV_UP): eth0: link is not ready
Apr 18 01:08:19 raspberrypi kernel: [   13.804226] IPv6: ADDRCONF(NETDEV_CHANGE): eth0: link becomes ready
Apr 18 01:08:19 raspberrypi kernel: [   14.183682] Bluetooth: HCI UART driver ver 2.3
Apr 18 01:08:19 raspberrypi kernel: [   14.183693] Bluetooth: HCI UART protocol H4 registered
Apr 18 01:08:19 raspberrypi kernel: [   14.183696] Bluetooth: HCI UART protocol Three-wire (H5) registered
Apr 18 01:08:19 raspberrypi kernel: [   14.183831] Bluetooth: HCI UART protocol Broadcom registered
Apr 18 01:08:25 raspberrypi kernel: [   20.058523] EXT4-fs (mmcblk0p2): resized to 3145728 blocks
Apr 18 01:08:36 raspberrypi kernel: [   31.515287] EXT4-fs (mmcblk0p2): resized to 5767168 blocks
Jun 11 00:15:51 raspberrypi kernel: [   40.467343] EXT4-fs (mmcblk0p2): resized filesystem to 7779456
Jun 11 00:18:55 raspberrypi kernel: [  224.880456] Bluetooth: BNEP (Ethernet Emulation) ver 1.3
Jun 11 00:18:55 raspberrypi kernel: [  224.880468] Bluetooth: BNEP filters: protocol multicast
Jun 11 00:18:55 raspberrypi kernel: [  224.880489] Bluetooth: BNEP socket layer initialized
Jun 11 00:29:41 raspberrypi kernel: [  870.596869] i2c /dev entries driver
Jun 11 01:05:27 donkeypi mtp-probe: checking bus 1, device 4: "/sys/devices/platform/soc/3f980000.usb/usb1/1-1/1-1.1/1-1.1.1"
Jun 11 01:05:27 donkeypi mtp-probe: bus: 1, device: 4 was not an MTP device
Jun 11 01:05:27 donkeypi kernel: [    0.000000] Booting Linux on physical CPU 0x0
Jun 11 01:05:27 donkeypi kernel: [    0.000000] Linux version 4.14.34-v7+ (dc4@dc4-XPS13-9333) (gcc version 4.9.3 (crosstool-NG crosstool-ng-1.22.0-88-g8460611)) #1110 SMP Mon Apr 16 15:18:51 BST 2018
Jun 11 01:05:27 donkeypi kernel: [    0.000000] CPU: ARMv7 Processor [410fd034] revision 4 (ARMv7), cr=10c5383d
Jun 11 01:05:27 donkeypi kernel: [    0.000000] CPU: div instructions available: patching division code
Jun 11 01:05:27 donkeypi kernel: [    0.000000] CPU: PIPT / VIPT nonaliasing data cache, VIPT aliasing instruction cache
Jun 11 01:05:27 donkeypi kernel: [    0.000000] OF: fdt: Machine model: Raspberry Pi 3 Model B Plus Rev 1.3
Jun 11 01:05:27 donkeypi kernel: [    0.000000] Memory policy: Data cache writealloc
Jun 11 01:05:27 donkeypi kernel: [    0.000000] cma: Reserved 8 MiB at 0x37800000
Jun 11 01:05:27 donkeypi kernel: [    0.000000] random: fast init done
Jun 11 01:05:27 donkeypi kernel: [    0.000000] percpu: Embedded 17 pages/cpu @b6fbf000 s38720 r8192 d22720 u69632
Jun 11 01:05:27 donkeypi kernel: [    0.000000] Built 1 zonelists, mobility grouping on.  Total pages: 227360
Jun 11 01:05:27 donkeypi kernel: [    0.000000] Kernel command line: 8250.nr_uarts=0 bcm2708_fb.fbwidth=656 bcm2708_fb.fbheight=416 bcm2708_fb.fbswap=1 vc_mem.mem_base=0x3ec00000 vc_mem.mem_size=0x40000000  dwc_otg.lpm_enable=0 console=ttyS0,115200 console=tty1 root=PARTUUID=73b63534-02 rootfstype=ext4 elevator=deadline fsck.repair=yes rootwait
Jun 11 01:05:27 donkeypi kernel: [    0.000000] PID hash table entries: 4096 (order: 2, 16384 bytes)
Jun 11 01:05:27 donkeypi kernel: [    0.000000] Dentry cache hash table entries: 131072 (order: 7, 524288 bytes)
Jun 11 01:05:27 donkeypi kernel: [    0.000000] Inode-cache hash table entries: 65536 (order: 6, 262144 bytes)
Jun 11 01:05:27 donkeypi kernel: [    0.000000] Memory: 887456K/917504K available (7168K kernel code, 575K rwdata, 2072K rodata, 1024K init, 706K bss, 21856K reserved, 8192K cma-reserved)
Jun 11 01:05:27 donkeypi kernel: [    0.000000] Virtual kernel memory layout:
Jun 11 01:05:27 donkeypi kernel: [    0.000000]     vector  : 0xffff0000 - 0xffff1000   (   4 kB)
Jun 11 01:05:27 donkeypi kernel: [    0.000000]     fixmap  : 0xffc00000 - 0xfff00000   (3072 kB)
Jun 11 01:05:27 donkeypi kernel: [    0.000000]     vmalloc : 0xb8800000 - 0xff800000   (1136 MB)
Jun 11 01:05:27 donkeypi kernel: [    0.000000]     lowmem  : 0x80000000 - 0xb8000000   ( 896 MB)
Jun 11 01:05:27 donkeypi kernel: [    0.000000]     modules : 0x7f000000 - 0x80000000   (  16 MB)
Jun 11 01:05:27 donkeypi kernel: [    0.000000]       .text : 0x80008000 - 0x80800000   (8160 kB)
Jun 11 01:05:27 donkeypi kernel: [    0.000000]       .init : 0x80b00000 - 0x80c00000   (1024 kB)
Jun 11 01:05:27 donkeypi kernel: [    0.000000]       .data : 0x80c00000 - 0x80c8fd4c   ( 576 kB)
Jun 11 01:05:27 donkeypi kernel: [    0.000000]        .bss : 0x80c96f4c - 0x80d478b4   ( 707 kB)
Jun 11 01:05:27 donkeypi kernel: [    0.000000] SLUB: HWalign=64, Order=0-3, MinObjects=0, CPUs=4, Nodes=1
Jun 11 01:05:27 donkeypi kernel: [    0.000000] ftrace: allocating 25231 entries in 74 pages
Jun 11 01:05:27 donkeypi kernel: [    0.000000] Hierarchical RCU implementation.
Jun 11 01:05:27 donkeypi kernel: [    0.000000] NR_IRQS: 16, nr_irqs: 16, preallocated irqs: 16
Jun 11 01:05:27 donkeypi kernel: [    0.000000] arch_timer: cp15 timer(s) running at 19.20MHz (phys).
Jun 11 01:05:27 donkeypi kernel: [    0.000000] clocksource: arch_sys_counter: mask: 0xffffffffffffff max_cycles: 0x46d987e47, max_idle_ns: 440795202767 ns
Jun 11 01:05:27 donkeypi kernel: [    0.000007] sched_clock: 56 bits at 19MHz, resolution 52ns, wraps every 4398046511078ns
Jun 11 01:05:27 donkeypi kernel: [    0.000023] Switching to timer-based delay loop, resolution 52ns
Jun 11 01:05:27 donkeypi kernel: [    0.000277] Console: colour dummy device 80x30
Jun 11 01:05:27 donkeypi kernel: [    0.000821] console [tty1] enabled
Jun 11 01:05:27 donkeypi kernel: [    0.000859] Calibrating delay loop (skipped), value calculated using timer frequency.. 38.40 BogoMIPS (lpj=192000)
Jun 11 01:05:27 donkeypi kernel: [    0.000898] pid_max: default: 32768 minimum: 301
Jun 11 01:05:27 donkeypi kernel: [    0.001227] Mount-cache hash table entries: 2048 (order: 1, 8192 bytes)
Jun 11 01:05:27 donkeypi kernel: [    0.001260] Mountpoint-cache hash table entries: 2048 (order: 1, 8192 bytes)
Jun 11 01:05:27 donkeypi kernel: [    0.002209] Disabling memory control group subsystem
Jun 11 01:05:27 donkeypi kernel: [    0.002306] CPU: Testing write buffer coherency: ok
Jun 11 01:05:27 donkeypi kernel: [    0.002716] CPU0: thread -1, cpu 0, socket 0, mpidr 80000000
Jun 11 01:05:27 donkeypi kernel: [    0.003108] Setting up static identity map for 0x100000 - 0x10003c
Jun 11 01:05:27 donkeypi kernel: [    0.003242] Hierarchical SRCU implementation.
Jun 11 01:05:27 donkeypi kernel: [    0.003893] smp: Bringing up secondary CPUs ...
Jun 11 01:05:27 donkeypi kernel: [    0.004598] CPU1: thread -1, cpu 1, socket 0, mpidr 80000001
Jun 11 01:05:27 donkeypi kernel: [    0.005347] CPU2: thread -1, cpu 2, socket 0, mpidr 80000002
Jun 11 01:05:27 donkeypi kernel: [    0.006080] CPU3: thread -1, cpu 3, socket 0, mpidr 80000003
Jun 11 01:05:27 donkeypi kernel: [    0.006183] smp: Brought up 1 node, 4 CPUs
Jun 11 01:05:27 donkeypi kernel: [    0.006253] SMP: Total of 4 processors activated (153.60 BogoMIPS).
Jun 11 01:05:27 donkeypi kernel: [    0.006275] CPU: All CPU(s) started in HYP mode.
Jun 11 01:05:27 donkeypi kernel: [    0.006292] CPU: Virtualization extensions available.
Jun 11 01:05:27 donkeypi kernel: [    0.007152] devtmpfs: initialized
Jun 11 01:05:27 donkeypi kernel: [    0.017581] VFP support v0.3: implementor 41 architecture 3 part 40 variant 3 rev 4
Jun 11 01:05:27 donkeypi kernel: [    0.017831] clocksource: jiffies: mask: 0xffffffff max_cycles: 0xffffffff, max_idle_ns: 19112604462750000 ns
Jun 11 01:05:27 donkeypi kernel: [    0.017876] futex hash table entries: 1024 (order: 4, 65536 bytes)
Jun 11 01:05:27 donkeypi kernel: [    0.018453] pinctrl core: initialized pinctrl subsystem
Jun 11 01:05:27 donkeypi kernel: [    0.019211] NET: Registered protocol family 16
Jun 11 01:05:27 donkeypi kernel: [    0.021825] DMA: preallocated 1024 KiB pool for atomic coherent allocations
Jun 11 01:05:27 donkeypi mtp-probe: checking bus 1, device 4: "/sys/devices/platform/soc/3f980000.usb/usb1/1-1/1-1.1/1-1.1.1"
Jun 11 01:05:27 donkeypi kernel: [    0.026528] hw-breakpoint: found 5 (+1 reserved) breakpoint and 4 watchpoint registers.
Jun 11 01:05:27 donkeypi kernel: [    0.026560] hw-breakpoint: maximum watchpoint size is 8 bytes.
Jun 11 01:05:27 donkeypi kernel: [    0.026786] Serial: AMBA PL011 UART driver
Jun 11 01:05:27 donkeypi mtp-probe: bus: 1, device: 4 was not an MTP device
Jun 11 01:05:27 donkeypi kernel: [    0.028420] bcm2835-mbox 3f00b880.mailbox: mailbox enabled
Jun 11 01:05:27 donkeypi kernel: [    0.028899] uart-pl011 3f201000.serial: could not find pctldev for node /soc/gpio@7e200000/uart0_pins, deferring probe
Jun 11 01:05:27 donkeypi kernel: [    0.059975] bcm2835-dma 3f007000.dma: DMA legacy API manager at b8813000, dmachans=0x1
Jun 11 01:05:27 donkeypi kernel: [    0.061501] SCSI subsystem initialized
Jun 11 01:05:27 donkeypi kernel: [    0.061738] usbcore: registered new interface driver usbfs
Jun 11 01:05:27 donkeypi kernel: [    0.061807] usbcore: registered new interface driver hub
Jun 11 01:05:27 donkeypi kernel: [    0.061909] usbcore: registered new device driver usb
Jun 11 01:05:27 donkeypi kernel: [    0.070087] raspberrypi-firmware soc:firmware: Attached to firmware from 2018-04-16 18:21
Jun 11 01:05:27 donkeypi kernel: [    0.071396] clocksource: Switched to clocksource arch_sys_counter
Jun 11 01:05:27 donkeypi kernel: [    0.148779] VFS: Disk quotas dquot_6.6.0
Jun 11 01:05:27 donkeypi kernel: [    0.148891] VFS: Dquot-cache hash table entries: 1024 (order 0, 4096 bytes)
Jun 11 01:05:27 donkeypi kernel: [    0.149094] FS-Cache: Loaded
Jun 11 01:05:27 donkeypi kernel: [    0.149304] CacheFiles: Loaded
Jun 11 01:05:27 donkeypi kernel: [    0.158099] NET: Registered protocol family 2
Jun 11 01:05:27 donkeypi kernel: [    0.158837] TCP established hash table entries: 8192 (order: 3, 32768 bytes)
Jun 11 01:05:27 donkeypi kernel: [    0.158968] TCP bind hash table entries: 8192 (order: 4, 65536 bytes)
Jun 11 01:05:27 donkeypi kernel: [    0.159170] TCP: Hash tables configured (established 8192 bind 8192)
Jun 11 01:05:27 donkeypi kernel: [    0.159316] UDP hash table entries: 512 (order: 2, 16384 bytes)
Jun 11 01:05:27 donkeypi kernel: [    0.159377] UDP-Lite hash table entries: 512 (order: 2, 16384 bytes)
Jun 11 01:05:27 donkeypi kernel: [    0.159623] NET: Registered protocol family 1
Jun 11 01:05:27 donkeypi kernel: [    0.160074] RPC: Registered named UNIX socket transport module.
Jun 11 01:05:27 donkeypi kernel: [    0.160098] RPC: Registered udp transport module.
Jun 11 01:05:27 donkeypi kernel: [    0.160117] RPC: Registered tcp transport module.
Jun 11 01:05:27 donkeypi kernel: [    0.160136] RPC: Registered tcp NFSv4.1 backchannel transport module.
Jun 11 01:05:27 donkeypi kernel: [    0.161608] hw perfevents: enabled with armv7_cortex_a7 PMU driver, 7 counters available
Jun 11 01:05:27 donkeypi kernel: [    0.164361] workingset: timestamp_bits=14 max_order=18 bucket_order=4
Jun 11 01:05:27 donkeypi kernel: [    0.172303] FS-Cache: Netfs 'nfs' registered for caching
Jun 11 01:05:27 donkeypi kernel: [    0.172910] NFS: Registering the id_resolver key type
Jun 11 01:05:27 donkeypi kernel: [    0.172956] Key type id_resolver registered
Jun 11 01:05:27 donkeypi kernel: [    0.172976] Key type id_legacy registered
Jun 11 01:05:27 donkeypi kernel: [    0.173005] nfs4filelayout_init: NFSv4 File Layout Driver Registering...
Jun 11 01:05:27 donkeypi kernel: [    0.174880] Block layer SCSI generic (bsg) driver version 0.4 loaded (major 251)
Jun 11 01:05:27 donkeypi kernel: [    0.175026] io scheduler noop registered
Jun 11 01:05:27 donkeypi kernel: [    0.175048] io scheduler deadline registered (default)
Jun 11 01:05:27 donkeypi kernel: [    0.175341] io scheduler cfq registered
Jun 11 01:05:27 donkeypi kernel: [    0.175363] io scheduler mq-deadline registered
Jun 11 01:05:27 donkeypi kernel: [    0.175383] io scheduler kyber registered
Jun 11 01:05:27 donkeypi kernel: [    0.177656] BCM2708FB: allocated DMA memory f7900000
Jun 11 01:05:27 donkeypi kernel: [    0.177700] BCM2708FB: allocated DMA channel 0 @ b8813000
Jun 11 01:05:27 donkeypi kernel: [    0.186223] Console: switching to colour frame buffer device 82x26
Jun 11 01:05:27 donkeypi kernel: [    0.194461] bcm2835-rng 3f104000.rng: hwrng registered
Jun 11 01:05:27 donkeypi kernel: [    0.196882] vc-mem: phys_addr:0x00000000 mem_base=0x3ec00000 mem_size:0x40000000(1024 MiB)
Jun 11 01:05:27 donkeypi kernel: [    0.202054] vc-sm: Videocore shared memory driver
Jun 11 01:05:27 donkeypi kernel: [    0.204641] gpiomem-bcm2835 3f200000.gpiomem: Initialised: Registers at 0x3f200000
Jun 11 01:05:27 donkeypi kernel: [    0.218749] brd: module loaded
Jun 11 01:05:27 donkeypi kernel: [    0.229640] loop: module loaded
Jun 11 01:05:27 donkeypi kernel: [    0.232000] Loading iSCSI transport class v2.0-870.
Jun 11 01:05:27 donkeypi kernel: [    0.234953] libphy: Fixed MDIO Bus: probed
Jun 11 01:05:27 donkeypi kernel: [    0.237305] usbcore: registered new interface driver lan78xx
Jun 11 01:05:27 donkeypi kernel: [    0.239631] usbcore: registered new interface driver smsc95xx
Jun 11 01:05:27 donkeypi kernel: [    0.241820] dwc_otg: version 3.00a 10-AUG-2012 (platform bus)
Jun 11 01:05:27 donkeypi kernel: [    0.472080] Core Release: 2.80a
Jun 11 01:05:27 donkeypi kernel: [    0.474251] Setting default values for core params
Jun 11 01:05:27 donkeypi kernel: [    0.476490] Finished setting default values for core params
Jun 11 01:05:27 donkeypi kernel: [    0.679025] Using Buffer DMA mode
Jun 11 01:05:27 donkeypi kernel: [    0.681318] Periodic Transfer Interrupt Enhancement - disabled
Jun 11 01:05:27 donkeypi kernel: [    0.683705] Multiprocessor Interrupt Enhancement - disabled
Jun 11 01:05:27 donkeypi kernel: [    0.686134] OTG VER PARAM: 0, OTG VER FLAG: 0
Jun 11 01:05:27 donkeypi kernel: [    0.688519] Dedicated Tx FIFOs mode
Jun 11 01:05:27 donkeypi kernel: [    0.691170] WARN::dwc_otg_hcd_init:1046: FIQ DMA bounce buffers: virt = 0xb7914000 dma = 0xf7914000 len=9024
Jun 11 01:05:27 donkeypi kernel: [    0.695896] FIQ FSM acceleration enabled for :
Jun 11 01:05:27 donkeypi kernel: [    0.695896] Non-periodic Split Transactions
Jun 11 01:05:27 donkeypi kernel: [    0.695896] Periodic Split Transactions
Jun 11 01:05:27 donkeypi kernel: [    0.695896] High-Speed Isochronous Endpoints
Jun 11 01:05:27 donkeypi kernel: [    0.695896] Interrupt/Control Split Transaction hack enabled
Jun 11 01:05:27 donkeypi kernel: [    0.707007] WARN::hcd_init_fiq:459: FIQ on core 1 at 0x805e6a40
Jun 11 01:05:27 donkeypi kernel: [    0.709294] WARN::hcd_init_fiq:460: FIQ ASM at 0x805e6da8 length 36
Jun 11 01:05:27 donkeypi kernel: [    0.711563] WARN::hcd_init_fiq:486: MPHI regs_base at 0xb887e000
Jun 11 01:05:27 donkeypi kernel: [    0.713842] dwc_otg 3f980000.usb: DWC OTG Controller
Jun 11 01:05:27 donkeypi kernel: [    0.716165] dwc_otg 3f980000.usb: new USB bus registered, assigned bus number 1
Jun 11 01:05:27 donkeypi kernel: [    0.718547] dwc_otg 3f980000.usb: irq 62, io mem 0x00000000
Jun 11 01:05:27 donkeypi kernel: [    0.720877] Init: Port Power? op_state=1
Jun 11 01:05:27 donkeypi kernel: [    0.723159] Init: Power Port (0)
Jun 11 01:05:27 donkeypi kernel: [    0.725546] usb usb1: New USB device found, idVendor=1d6b, idProduct=0002
Jun 11 01:05:27 donkeypi kernel: [    0.727862] usb usb1: New USB device strings: Mfr=3, Product=2, SerialNumber=1
Jun 11 01:05:27 donkeypi kernel: [    0.730165] usb usb1: Product: DWC OTG Controller
Jun 11 01:05:27 donkeypi kernel: [    0.732444] usb usb1: Manufacturer: Linux 4.14.34-v7+ dwc_otg_hcd
Jun 11 01:05:27 donkeypi kernel: [    0.734725] usb usb1: SerialNumber: 3f980000.usb
Jun 11 01:05:27 donkeypi kernel: [    0.737568] hub 1-0:1.0: USB hub found
Jun 11 01:05:27 donkeypi kernel: [    0.739778] hub 1-0:1.0: 1 port detected
Jun 11 01:05:27 donkeypi kernel: [    0.742632] usbcore: registered new interface driver usb-storage
Jun 11 01:05:27 donkeypi kernel: [    0.744921] mousedev: PS/2 mouse device common for all mice
Jun 11 01:05:27 donkeypi kernel: [    0.747144] IR NEC protocol handler initialized
Jun 11 01:05:27 donkeypi kernel: [    0.749313] IR RC5(x/sz) protocol handler initialized
Jun 11 01:05:27 donkeypi kernel: [    0.751537] IR RC6 protocol handler initialized
Jun 11 01:05:27 donkeypi kernel: [    0.753719] IR JVC protocol handler initialized
Jun 11 01:05:27 donkeypi kernel: [    0.755800] IR Sony protocol handler initialized
Jun 11 01:05:27 donkeypi kernel: [    0.757889] IR SANYO protocol handler initialized
Jun 11 01:05:27 donkeypi kernel: [    0.759977] IR Sharp protocol handler initialized
Jun 11 01:05:27 donkeypi kernel: [    0.761984] IR MCE Keyboard/mouse protocol handler initialized
Jun 11 01:05:27 donkeypi kernel: [    0.764015] IR XMP protocol handler initialized
Jun 11 01:05:27 donkeypi kernel: [    0.766679] bcm2835-wdt 3f100000.watchdog: Broadcom BCM2835 watchdog timer
Jun 11 01:05:27 donkeypi kernel: [    0.769026] bcm2835-cpufreq: min=600000 max=1400000
Jun 11 01:05:27 donkeypi kernel: [    0.771500] sdhci: Secure Digital Host Controller Interface driver
Jun 11 01:05:27 donkeypi kernel: [    0.773632] sdhci: Copyright(c) Pierre Ossman
Jun 11 01:05:27 donkeypi kernel: [    0.776071] mmc-bcm2835 3f300000.mmc: could not get clk, deferring probe
Jun 11 01:05:27 donkeypi kernel: [    0.778541] sdhost-bcm2835 3f202000.mmc: could not get clk, deferring probe
Jun 11 01:05:27 donkeypi kernel: [    0.780834] sdhci-pltfm: SDHCI platform and OF driver helper
Jun 11 01:05:27 donkeypi kernel: [    0.784465] ledtrig-cpu: registered to indicate activity on CPUs
Jun 11 01:05:27 donkeypi kernel: [    0.786860] hidraw: raw HID events driver (C) Jiri Kosina
Jun 11 01:05:27 donkeypi kernel: [    0.789323] usbcore: registered new interface driver usbhid
Jun 11 01:05:27 donkeypi kernel: [    0.791652] usbhid: USB HID core driver
Jun 11 01:05:27 donkeypi kernel: [    0.794493] vchiq: vchiq_init_state: slot_zero = b7980000, is_master = 0
Jun 11 01:05:27 donkeypi kernel: [    0.798184] [vc_sm_connected_init]: start
Jun 11 01:05:27 donkeypi kernel: [    0.806847] [vc_sm_connected_init]: end - returning 0
Jun 11 01:05:27 donkeypi kernel: [    0.809706] Initializing XFRM netlink socket
Jun 11 01:05:27 donkeypi kernel: [    0.812120] NET: Registered protocol family 17
Jun 11 01:05:27 donkeypi kernel: [    0.814586] Key type dns_resolver registered
Jun 11 01:05:27 donkeypi kernel: [    0.817357] Registering SWP/SWPB emulation handler
Jun 11 01:05:27 donkeypi kernel: [    0.820384] registered taskstats version 1
Jun 11 01:05:27 donkeypi kernel: [    0.828694] uart-pl011 3f201000.serial: cts_event_workaround enabled
Jun 11 01:05:27 donkeypi kernel: [    0.831258] 3f201000.serial: ttyAMA0 at MMIO 0x3f201000 (irq = 87, base_baud = 0) is a PL011 rev2
Jun 11 01:05:27 donkeypi kernel: [    0.838017] mmc-bcm2835 3f300000.mmc: mmc_debug:0 mmc_debug2:0
Jun 11 01:05:27 donkeypi kernel: [    0.840549] mmc-bcm2835 3f300000.mmc: DMA channel allocated
Jun 11 01:05:27 donkeypi kernel: [    0.902031] sdhost: log_buf @ b7913000 (f7913000)
Jun 11 01:05:27 donkeypi kernel: [    0.941057] mmc1: queuing unknown CIS tuple 0x80 (2 bytes)
Jun 11 01:05:27 donkeypi kernel: [    0.945071] mmc1: queuing unknown CIS tuple 0x80 (3 bytes)
Jun 11 01:05:27 donkeypi kernel: [    0.948941] mmc1: queuing unknown CIS tuple 0x80 (3 bytes)
Jun 11 01:05:27 donkeypi kernel: [    0.953920] mmc1: queuing unknown CIS tuple 0x80 (7 bytes)
Jun 11 01:05:27 donkeypi kernel: [    0.961524] Indeed it is in host mode hprt0 = 00021501
Jun 11 01:05:27 donkeypi kernel: [    1.051424] mmc0: sdhost-bcm2835 loaded - DMA enabled (>1)
Jun 11 01:05:27 donkeypi kernel: [    1.054577] of_cfs_init
Jun 11 01:05:27 donkeypi kernel: [    1.056701] of_cfs_init: OK
Jun 11 01:05:27 donkeypi kernel: [    1.059085] Waiting for root device PARTUUID=73b63534-02...
Jun 11 01:05:27 donkeypi kernel: [    1.104398] mmc1: new high speed SDIO card at address 0001
Jun 11 01:05:27 donkeypi kernel: [    1.171441] usb 1-1: new high-speed USB device number 2 using dwc_otg
Jun 11 01:05:27 donkeypi kernel: [    1.173661] Indeed it is in host mode hprt0 = 00001101
Jun 11 01:05:27 donkeypi kernel: [    1.245829] mmc0: host does not support reading read-only switch, assuming write-enable
Jun 11 01:05:27 donkeypi kernel: [    1.254250] mmc0: new high speed SDHC card at address aaaa
Jun 11 01:05:27 donkeypi kernel: [    1.257004] mmcblk0: mmc0:aaaa SC32G 29.7 GiB
Jun 11 01:05:27 donkeypi kernel: [    1.263622]  mmcblk0: p1 p2
Jun 11 01:05:27 donkeypi kernel: [    1.305478] EXT4-fs (mmcblk0p2): mounted filesystem with ordered data mode. Opts: (null)
Jun 11 01:05:27 donkeypi kernel: [    1.309873] VFS: Mounted root (ext4 filesystem) readonly on device 179:2.
Jun 11 01:05:27 donkeypi kernel: [    1.322008] devtmpfs: mounted
Jun 11 01:05:27 donkeypi kernel: [    1.327274] Freeing unused kernel memory: 1024K
Jun 11 01:05:27 donkeypi kernel: [    1.411720] usb 1-1: New USB device found, idVendor=0424, idProduct=2514
Jun 11 01:05:27 donkeypi kernel: [    1.414320] usb 1-1: New USB device strings: Mfr=0, Product=0, SerialNumber=0
Jun 11 01:05:27 donkeypi kernel: [    1.417631] hub 1-1:1.0: USB hub found
Jun 11 01:05:27 donkeypi kernel: [    1.420349] hub 1-1:1.0: 4 ports detected
Jun 11 01:05:27 donkeypi kernel: [    1.741450] usb 1-1.1: new high-speed USB device number 3 using dwc_otg
Jun 11 01:05:27 donkeypi kernel: [    1.871863] usb 1-1.1: New USB device found, idVendor=0424, idProduct=2514
Jun 11 01:05:27 donkeypi kernel: [    1.874657] usb 1-1.1: New USB device strings: Mfr=0, Product=0, SerialNumber=0
Jun 11 01:05:27 donkeypi kernel: [    1.878046] hub 1-1.1:1.0: USB hub found
Jun 11 01:05:27 donkeypi kernel: [    1.880776] hub 1-1.1:1.0: 3 ports detected
Jun 11 01:05:27 donkeypi kernel: [    1.897602] NET: Registered protocol family 10
Jun 11 01:05:27 donkeypi kernel: [    1.901448] Segment Routing with IPv6
Jun 11 01:05:27 donkeypi kernel: [    1.915058] ip_tables: (C) 2000-2006 Netfilter Core Team
Jun 11 01:05:27 donkeypi liblogging-stdlog:  [origin software="rsyslogd" swVersion="8.24.0" x-pid="309" x-info="http://www.rsyslog.com"] start
Jun 11 01:05:27 donkeypi kernel: [    2.244440] dwc_otg_handle_wakeup_detected_intr lxstate = 2
Jun 11 01:05:27 donkeypi kernel: [    2.821515] usb 1-1.1.1: new high-speed USB device number 4 using dwc_otg
Jun 11 01:05:27 donkeypi kernel: [    2.951966] usb 1-1.1.1: New USB device found, idVendor=0424, idProduct=7800
Jun 11 01:05:27 donkeypi kernel: [    2.951983] usb 1-1.1.1: New USB device strings: Mfr=0, Product=0, SerialNumber=0
Jun 11 01:05:27 donkeypi kernel: [    2.972103] EXT4-fs (mmcblk0p2): re-mounted. Opts: (null)
Jun 11 01:05:27 donkeypi kernel: [    3.229656] libphy: lan78xx-mdiobus: probed
Jun 11 01:05:27 donkeypi kernel: [    3.697262] snd_bcm2835: module is from the staging directory, the quality is unknown, you have been warned.
Jun 11 01:05:27 donkeypi kernel: [    3.700253] bcm2835_alsa bcm2835_alsa: card created with 8 channels
Jun 11 01:05:27 donkeypi kernel: [    3.867223] usbcore: registered new interface driver brcmfmac
Jun 11 01:05:27 donkeypi kernel: [    4.166373] random: crng init done
Jun 11 01:05:27 donkeypi kernel: [    4.886546] uart-pl011 3f201000.serial: no DMA platform data
Jun 11 01:05:27 donkeypi kernel: [    5.380572] Adding 102396k swap on /var/swap.  Priority:-2 extents:1 across:102396k SSFS
Jun 11 01:05:27 donkeypi kernel: [    5.402383] IPv6: ADDRCONF(NETDEV_UP): wlan0: link is not ready
Jun 11 01:05:27 donkeypi kernel: [    5.402400] brcmfmac: power management disabled
Jun 11 01:05:28 donkeypi kernel: [    5.637193] IPv6: ADDRCONF(NETDEV_UP): eth0: link is not ready
Jun 11 01:05:28 donkeypi kernel: [    5.959626] IPv6: ADDRCONF(NETDEV_CHANGE): eth0: link becomes ready
Jun 11 01:05:33 donkeypi kernel: [   11.580364] Bluetooth: Core ver 2.22
Jun 11 01:05:33 donkeypi kernel: [   11.580444] NET: Registered protocol family 31
Jun 11 01:05:33 donkeypi kernel: [   11.580450] Bluetooth: HCI device and connection manager initialized
Jun 11 01:05:33 donkeypi kernel: [   11.580470] Bluetooth: HCI socket layer initialized
Jun 11 01:05:33 donkeypi kernel: [   11.580482] Bluetooth: L2CAP socket layer initialized
Jun 11 01:05:33 donkeypi kernel: [   11.580513] Bluetooth: SCO socket layer initialized
Jun 11 01:05:33 donkeypi kernel: [   11.618257] Bluetooth: HCI UART driver ver 2.3
Jun 11 01:05:33 donkeypi kernel: [   11.618270] Bluetooth: HCI UART protocol H4 registered
Jun 11 01:05:33 donkeypi kernel: [   11.618276] Bluetooth: HCI UART protocol Three-wire (H5) registered
Jun 11 01:05:33 donkeypi kernel: [   11.618511] Bluetooth: HCI UART protocol Broadcom registered
Jun 11 01:05:34 donkeypi kernel: [   11.824425] Bluetooth: BNEP (Ethernet Emulation) ver 1.3
Jun 11 01:05:34 donkeypi kernel: [   11.824433] Bluetooth: BNEP filters: protocol multicast
Jun 11 01:05:34 donkeypi kernel: [   11.824445] Bluetooth: BNEP socket layer initialized
Jun 11 05:07:21 donkeypi mtp-probe: checking bus 1, device 3: "/sys/devices/platform/soc/3f980000.usb/usb1/1-1/1-1.1"
Jun 11 05:07:21 donkeypi mtp-probe: bus: 1, device: 3 was not an MTP device
Jun 11 05:07:21 donkeypi kernel: [    0.000000] Booting Linux on physical CPU 0x0
Jun 11 05:07:21 donkeypi kernel: [    0.000000] Linux version 4.14.34-v7+ (dc4@dc4-XPS13-9333) (gcc version 4.9.3 (crosstool-NG crosstool-ng-1.22.0-88-g8460611)) #1110 SMP Mon Apr 16 15:18:51 BST 2018
Jun 11 05:07:21 donkeypi kernel: [    0.000000] CPU: ARMv7 Processor [410fd034] revision 4 (ARMv7), cr=10c5383d
Jun 11 05:07:21 donkeypi kernel: [    0.000000] CPU: div instructions available: patching division code
Jun 11 05:07:21 donkeypi kernel: [    0.000000] CPU: PIPT / VIPT nonaliasing data cache, VIPT aliasing instruction cache
Jun 11 05:07:21 donkeypi kernel: [    0.000000] OF: fdt: Machine model: Raspberry Pi 3 Model B Rev 1.2
Jun 11 05:07:21 donkeypi kernel: [    0.000000] Memory policy: Data cache writealloc
Jun 11 05:07:21 donkeypi kernel: [    0.000000] cma: Reserved 8 MiB at 0x37800000
Jun 11 05:07:21 donkeypi kernel: [    0.000000] random: fast init done
Jun 11 05:07:21 donkeypi kernel: [    0.000000] percpu: Embedded 17 pages/cpu @b6fbf000 s38720 r8192 d22720 u69632
Jun 11 05:07:21 donkeypi kernel: [    0.000000] Built 1 zonelists, mobility grouping on.  Total pages: 227360
Jun 11 05:07:21 donkeypi kernel: [    0.000000] Kernel command line: 8250.nr_uarts=0 bcm2708_fb.fbwidth=656 bcm2708_fb.fbheight=416 bcm2708_fb.fbswap=1 vc_mem.mem_base=0x3ec00000 vc_mem.mem_size=0x40000000  dwc_otg.lpm_enable=0 console=ttyS0,115200 console=tty1 root=PARTUUID=73b63534-02 rootfstype=ext4 elevator=deadline fsck.repair=yes rootwait
Jun 11 05:07:21 donkeypi kernel: [    0.000000] PID hash table entries: 4096 (order: 2, 16384 bytes)
Jun 11 05:07:21 donkeypi kernel: [    0.000000] Dentry cache hash table entries: 131072 (order: 7, 524288 bytes)
Jun 11 05:07:21 donkeypi kernel: [    0.000000] Inode-cache hash table entries: 65536 (order: 6, 262144 bytes)
Jun 11 05:07:21 donkeypi kernel: [    0.000000] Memory: 887456K/917504K available (7168K kernel code, 575K rwdata, 2072K rodata, 1024K init, 706K bss, 21856K reserved, 8192K cma-reserved)
Jun 11 05:07:21 donkeypi kernel: [    0.000000] Virtual kernel memory layout:
Jun 11 05:07:21 donkeypi kernel: [    0.000000]     vector  : 0xffff0000 - 0xffff1000   (   4 kB)
Jun 11 05:07:21 donkeypi kernel: [    0.000000]     fixmap  : 0xffc00000 - 0xfff00000   (3072 kB)
Jun 11 05:07:21 donkeypi kernel: [    0.000000]     vmalloc : 0xb8800000 - 0xff800000   (1136 MB)
Jun 11 05:07:21 donkeypi kernel: [    0.000000]     lowmem  : 0x80000000 - 0xb8000000   ( 896 MB)
Jun 11 05:07:21 donkeypi kernel: [    0.000000]     modules : 0x7f000000 - 0x80000000   (  16 MB)
Jun 11 05:07:21 donkeypi kernel: [    0.000000]       .text : 0x80008000 - 0x80800000   (8160 kB)
Jun 11 05:07:21 donkeypi kernel: [    0.000000]       .init : 0x80b00000 - 0x80c00000   (1024 kB)
Jun 11 05:07:21 donkeypi kernel: [    0.000000]       .data : 0x80c00000 - 0x80c8fd4c   ( 576 kB)
Jun 11 05:07:21 donkeypi kernel: [    0.000000]        .bss : 0x80c96f4c - 0x80d478b4   ( 707 kB)
Jun 11 05:07:21 donkeypi kernel: [    0.000000] SLUB: HWalign=64, Order=0-3, MinObjects=0, CPUs=4, Nodes=1
Jun 11 05:07:21 donkeypi kernel: [    0.000000] ftrace: allocating 25231 entries in 74 pages
Jun 11 05:07:21 donkeypi kernel: [    0.000000] Hierarchical RCU implementation.
Jun 11 05:07:21 donkeypi kernel: [    0.000000] NR_IRQS: 16, nr_irqs: 16, preallocated irqs: 16
Jun 11 05:07:21 donkeypi kernel: [    0.000000] arch_timer: cp15 timer(s) running at 19.20MHz (phys).
Jun 11 05:07:21 donkeypi kernel: [    0.000000] clocksource: arch_sys_counter: mask: 0xffffffffffffff max_cycles: 0x46d987e47, max_idle_ns: 440795202767 ns
Jun 11 05:07:21 donkeypi kernel: [    0.000007] sched_clock: 56 bits at 19MHz, resolution 52ns, wraps every 4398046511078ns
Jun 11 05:07:21 donkeypi kernel: [    0.000023] Switching to timer-based delay loop, resolution 52ns
Jun 11 05:07:21 donkeypi kernel: [    0.000276] Console: colour dummy device 80x30
Jun 11 05:07:21 donkeypi kernel: [    0.000819] console [tty1] enabled
Jun 11 05:07:21 donkeypi kernel: [    0.000856] Calibrating delay loop (skipped), value calculated using timer frequency.. 38.40 BogoMIPS (lpj=192000)
Jun 11 05:07:21 donkeypi kernel: [    0.000896] pid_max: default: 32768 minimum: 301
Jun 11 05:07:21 donkeypi kernel: [    0.001222] Mount-cache hash table entries: 2048 (order: 1, 8192 bytes)
Jun 11 05:07:21 donkeypi kernel: [    0.001255] Mountpoint-cache hash table entries: 2048 (order: 1, 8192 bytes)
Jun 11 05:07:21 donkeypi kernel: [    0.002212] Disabling memory control group subsystem
Jun 11 05:07:21 donkeypi kernel: [    0.002311] CPU: Testing write buffer coherency: ok
Jun 11 05:07:21 donkeypi kernel: [    0.002722] CPU0: thread -1, cpu 0, socket 0, mpidr 80000000
Jun 11 05:07:21 donkeypi kernel: [    0.003114] Setting up static identity map for 0x100000 - 0x10003c
Jun 11 05:07:21 donkeypi kernel: [    0.003249] Hierarchical SRCU implementation.
Jun 11 05:07:21 donkeypi kernel: [    0.003899] smp: Bringing up secondary CPUs ...
Jun 11 05:07:21 donkeypi kernel: [    0.004596] CPU1: thread -1, cpu 1, socket 0, mpidr 80000001
Jun 11 05:07:21 donkeypi kernel: [    0.005341] CPU2: thread -1, cpu 2, socket 0, mpidr 80000002
Jun 11 05:07:21 donkeypi kernel: [    0.006070] CPU3: thread -1, cpu 3, socket 0, mpidr 80000003
Jun 11 05:07:21 donkeypi kernel: [    0.006174] smp: Brought up 1 node, 4 CPUs
Jun 11 05:07:21 donkeypi kernel: [    0.006244] SMP: Total of 4 processors activated (153.60 BogoMIPS).
Jun 11 05:07:21 donkeypi kernel: [    0.006266] CPU: All CPU(s) started in HYP mode.
Jun 11 05:07:21 donkeypi kernel: [    0.006284] CPU: Virtualization extensions available.
Jun 11 05:07:21 donkeypi liblogging-stdlog:  [origin software="rsyslogd" swVersion="8.24.0" x-pid="336" x-info="http://www.rsyslog.com"] start
Jun 11 05:07:21 donkeypi kernel: [    0.007143] devtmpfs: initialized
Jun 11 05:07:21 donkeypi kernel: [    0.017550] VFP support v0.3: implementor 41 architecture 3 part 40 variant 3 rev 4
Jun 11 05:07:21 donkeypi kernel: [    0.017799] clocksource: jiffies: mask: 0xffffffff max_cycles: 0xffffffff, max_idle_ns: 19112604462750000 ns
Jun 11 05:07:21 donkeypi kernel: [    0.017843] futex hash table entries: 1024 (order: 4, 65536 bytes)
Jun 11 05:07:21 donkeypi kernel: [    0.018419] pinctrl core: initialized pinctrl subsystem
Jun 11 05:07:21 donkeypi kernel: [    0.019181] NET: Registered protocol family 16
Jun 11 05:07:21 donkeypi kernel: [    0.021764] DMA: preallocated 1024 KiB pool for atomic coherent allocations
Jun 11 05:07:21 donkeypi kernel: [    0.026451] hw-breakpoint: found 5 (+1 reserved) breakpoint and 4 watchpoint registers.
Jun 11 05:07:21 donkeypi kernel: [    0.026484] hw-breakpoint: maximum watchpoint size is 8 bytes.
Jun 11 05:07:21 donkeypi kernel: [    0.026705] Serial: AMBA PL011 UART driver
Jun 11 05:07:21 donkeypi kernel: [    0.028334] bcm2835-mbox 3f00b880.mailbox: mailbox enabled
Jun 11 05:07:21 donkeypi kernel: [    0.028809] uart-pl011 3f201000.serial: could not find pctldev for node /soc/gpio@7e200000/uart0_pins, deferring probe
Jun 11 05:07:21 donkeypi kernel: [    0.059962] bcm2835-dma 3f007000.dma: DMA legacy API manager at b8813000, dmachans=0x1
Jun 11 05:07:21 donkeypi kernel: [    0.061492] SCSI subsystem initialized
Jun 11 05:07:21 donkeypi kernel: [    0.061723] usbcore: registered new interface driver usbfs
Jun 11 05:07:21 donkeypi kernel: [    0.061792] usbcore: registered new interface driver hub
Jun 11 05:07:21 donkeypi kernel: [    0.061897] usbcore: registered new device driver usb
Jun 11 05:07:21 donkeypi kernel: [    0.070084] raspberrypi-firmware soc:firmware: Attached to firmware from 2018-04-16 18:21
Jun 11 05:07:21 donkeypi kernel: [    0.071384] clocksource: Switched to clocksource arch_sys_counter
Jun 11 05:07:21 donkeypi kernel: [    0.148766] VFS: Disk quotas dquot_6.6.0
Jun 11 05:07:21 donkeypi kernel: [    0.148878] VFS: Dquot-cache hash table entries: 1024 (order 0, 4096 bytes)
Jun 11 05:07:21 donkeypi kernel: [    0.149082] FS-Cache: Loaded
Jun 11 05:07:21 donkeypi kernel: [    0.149293] CacheFiles: Loaded
Jun 11 05:07:21 donkeypi kernel: [    0.158076] NET: Registered protocol family 2
Jun 11 05:07:21 donkeypi kernel: [    0.158812] TCP established hash table entries: 8192 (order: 3, 32768 bytes)
Jun 11 05:07:21 donkeypi kernel: [    0.158941] TCP bind hash table entries: 8192 (order: 4, 65536 bytes)
Jun 11 05:07:21 donkeypi kernel: [    0.159144] TCP: Hash tables configured (established 8192 bind 8192)
Jun 11 05:07:21 donkeypi kernel: [    0.159290] UDP hash table entries: 512 (order: 2, 16384 bytes)
Jun 11 05:07:21 donkeypi kernel: [    0.159352] UDP-Lite hash table entries: 512 (order: 2, 16384 bytes)
Jun 11 05:07:21 donkeypi kernel: [    0.159597] NET: Registered protocol family 1
Jun 11 05:07:21 donkeypi kernel: [    0.160063] RPC: Registered named UNIX socket transport module.
Jun 11 05:07:21 donkeypi kernel: [    0.160087] RPC: Registered udp transport module.
Jun 11 05:07:21 donkeypi kernel: [    0.160106] RPC: Registered tcp transport module.
Jun 11 05:07:21 donkeypi kernel: [    0.160125] RPC: Registered tcp NFSv4.1 backchannel transport module.
Jun 11 05:07:21 donkeypi kernel: [    0.161598] hw perfevents: enabled with armv7_cortex_a7 PMU driver, 7 counters available
Jun 11 05:07:21 donkeypi kernel: [    0.164361] workingset: timestamp_bits=14 max_order=18 bucket_order=4
Jun 11 05:07:21 donkeypi kernel: [    0.172311] FS-Cache: Netfs 'nfs' registered for caching
Jun 11 05:07:21 donkeypi kernel: [    0.172922] NFS: Registering the id_resolver key type
Jun 11 05:07:21 donkeypi kernel: [    0.172969] Key type id_resolver registered
Jun 11 05:07:21 donkeypi kernel: [    0.172989] Key type id_legacy registered
Jun 11 05:07:21 donkeypi kernel: [    0.173018] nfs4filelayout_init: NFSv4 File Layout Driver Registering...
Jun 11 05:07:21 donkeypi kernel: [    0.174890] Block layer SCSI generic (bsg) driver version 0.4 loaded (major 251)
Jun 11 05:07:21 donkeypi kernel: [    0.175037] io scheduler noop registered
Jun 11 05:07:21 donkeypi kernel: [    0.175059] io scheduler deadline registered (default)
Jun 11 05:07:21 donkeypi kernel: [    0.175352] io scheduler cfq registered
Jun 11 05:07:21 donkeypi kernel: [    0.175374] io scheduler mq-deadline registered
Jun 11 05:07:21 donkeypi kernel: [    0.175394] io scheduler kyber registered
Jun 11 05:07:21 donkeypi kernel: [    0.178086] BCM2708FB: allocated DMA memory f7910000
Jun 11 05:07:21 donkeypi kernel: [    0.178132] BCM2708FB: allocated DMA channel 0 @ b8813000
Jun 11 05:07:21 donkeypi kernel: [    0.186668] Console: switching to colour frame buffer device 82x26
Jun 11 05:07:21 donkeypi kernel: [    0.194936] bcm2835-rng 3f104000.rng: hwrng registered
Jun 11 05:07:21 donkeypi kernel: [    0.197359] vc-mem: phys_addr:0x00000000 mem_base=0x3ec00000 mem_size:0x40000000(1024 MiB)
Jun 11 05:07:21 donkeypi kernel: [    0.202513] vc-sm: Videocore shared memory driver
Jun 11 05:07:21 donkeypi kernel: [    0.205093] gpiomem-bcm2835 3f200000.gpiomem: Initialised: Registers at 0x3f200000
Jun 11 05:07:21 donkeypi kernel: [    0.219210] brd: module loaded
Jun 11 05:07:21 donkeypi kernel: [    0.230127] loop: module loaded
Jun 11 05:07:21 donkeypi kernel: [    0.232446] Loading iSCSI transport class v2.0-870.
Jun 11 05:07:21 donkeypi kernel: [    0.235397] libphy: Fixed MDIO Bus: probed
Jun 11 05:07:21 donkeypi kernel: [    0.237755] usbcore: registered new interface driver lan78xx
Jun 11 05:07:21 donkeypi kernel: [    0.240080] usbcore: registered new interface driver smsc95xx
Jun 11 05:07:21 donkeypi kernel: [    0.242261] dwc_otg: version 3.00a 10-AUG-2012 (platform bus)
Jun 11 05:07:21 donkeypi kernel: [    0.472501] Core Release: 2.80a
Jun 11 05:07:21 donkeypi kernel: [    0.474669] Setting default values for core params
Jun 11 05:07:21 donkeypi kernel: [    0.476907] Finished setting default values for core params
Jun 11 05:07:21 donkeypi kernel: [    0.679435] Using Buffer DMA mode
Jun 11 05:07:21 donkeypi kernel: [    0.681742] Periodic Transfer Interrupt Enhancement - disabled
Jun 11 05:07:21 donkeypi kernel: [    0.684113] Multiprocessor Interrupt Enhancement - disabled
Jun 11 05:07:21 donkeypi kernel: [    0.686540] OTG VER PARAM: 0, OTG VER FLAG: 0
Jun 11 05:07:21 donkeypi kernel: [    0.688924] Dedicated Tx FIFOs mode
Jun 11 05:07:21 donkeypi kernel: [    0.691650] WARN::dwc_otg_hcd_init:1046: FIQ DMA bounce buffers: virt = 0xb7904000 dma = 0xf7904000 len=9024
Jun 11 05:07:21 donkeypi kernel: [    0.696349] FIQ FSM acceleration enabled for :
Jun 11 05:07:21 donkeypi kernel: [    0.696349] Non-periodic Split Transactions
Jun 11 05:07:21 donkeypi kernel: [    0.696349] Periodic Split Transactions
Jun 11 05:07:21 donkeypi kernel: [    0.696349] High-Speed Isochronous Endpoints
Jun 11 05:07:21 donkeypi kernel: [    0.696349] Interrupt/Control Split Transaction hack enabled
Jun 11 05:07:21 donkeypi kernel: [    0.707453] WARN::hcd_init_fiq:459: FIQ on core 1 at 0x805e6a40
Jun 11 05:07:21 donkeypi kernel: [    0.709731] WARN::hcd_init_fiq:460: FIQ ASM at 0x805e6da8 length 36
Jun 11 05:07:21 donkeypi kernel: [    0.711998] WARN::hcd_init_fiq:486: MPHI regs_base at 0xb887e000
Jun 11 05:07:21 donkeypi kernel: [    0.714292] dwc_otg 3f980000.usb: DWC OTG Controller
Jun 11 05:07:21 donkeypi kernel: [    0.716610] dwc_otg 3f980000.usb: new USB bus registered, assigned bus number 1
Jun 11 05:07:21 donkeypi kernel: [    0.718976] dwc_otg 3f980000.usb: irq 62, io mem 0x00000000
Jun 11 05:07:21 donkeypi kernel: [    0.721302] Init: Port Power? op_state=1
Jun 11 05:07:21 donkeypi kernel: [    0.723583] Init: Power Port (0)
Jun 11 05:07:21 donkeypi kernel: [    0.725973] usb usb1: New USB device found, idVendor=1d6b, idProduct=0002
Jun 11 05:07:21 donkeypi kernel: [    0.728290] usb usb1: New USB device strings: Mfr=3, Product=2, SerialNumber=1
Jun 11 05:07:21 donkeypi kernel: [    0.730592] usb usb1: Product: DWC OTG Controller
Jun 11 05:07:21 donkeypi kernel: [    0.732863] usb usb1: Manufacturer: Linux 4.14.34-v7+ dwc_otg_hcd
Jun 11 05:07:21 donkeypi kernel: [    0.735144] usb usb1: SerialNumber: 3f980000.usb
Jun 11 05:07:21 donkeypi kernel: [    0.737974] hub 1-0:1.0: USB hub found
Jun 11 05:07:21 donkeypi kernel: [    0.740181] hub 1-0:1.0: 1 port detected
Jun 11 05:07:21 donkeypi kernel: [    0.742995] usbcore: registered new interface driver usb-storage
Jun 11 05:07:21 donkeypi kernel: [    0.745280] mousedev: PS/2 mouse device common for all mice
Jun 11 05:07:21 donkeypi kernel: [    0.747502] IR NEC protocol handler initialized
Jun 11 05:07:21 donkeypi kernel: [    0.749670] IR RC5(x/sz) protocol handler initialized
Jun 11 05:07:21 donkeypi kernel: [    0.751901] IR RC6 protocol handler initialized
Jun 11 05:07:21 donkeypi kernel: [    0.754083] IR JVC protocol handler initialized
Jun 11 05:07:21 donkeypi kernel: [    0.756161] IR Sony protocol handler initialized
Jun 11 05:07:21 donkeypi kernel: [    0.758249] IR SANYO protocol handler initialized
Jun 11 05:07:21 donkeypi kernel: [    0.760335] IR Sharp protocol handler initialized
Jun 11 05:07:21 donkeypi kernel: [    0.762344] IR MCE Keyboard/mouse protocol handler initialized
Jun 11 05:07:21 donkeypi kernel: [    0.764375] IR XMP protocol handler initialized
Jun 11 05:07:21 donkeypi kernel: [    0.767032] bcm2835-wdt 3f100000.watchdog: Broadcom BCM2835 watchdog timer
Jun 11 05:07:21 donkeypi kernel: [    0.769379] bcm2835-cpufreq: min=600000 max=1200000
Jun 11 05:07:21 donkeypi kernel: [    0.771854] sdhci: Secure Digital Host Controller Interface driver
Jun 11 05:07:21 donkeypi kernel: [    0.773985] sdhci: Copyright(c) Pierre Ossman
Jun 11 05:07:21 donkeypi kernel: [    0.776427] mmc-bcm2835 3f300000.mmc: could not get clk, deferring probe
Jun 11 05:07:21 donkeypi kernel: [    0.778903] sdhost-bcm2835 3f202000.mmc: could not get clk, deferring probe
Jun 11 05:07:21 donkeypi kernel: [    0.781201] sdhci-pltfm: SDHCI platform and OF driver helper
Jun 11 05:07:21 donkeypi kernel: [    0.784835] ledtrig-cpu: registered to indicate activity on CPUs
Jun 11 05:07:21 donkeypi kernel: [    0.787265] hidraw: raw HID events driver (C) Jiri Kosina
Jun 11 05:07:21 donkeypi kernel: [    0.789735] usbcore: registered new interface driver usbhid
Jun 11 05:07:21 donkeypi kernel: [    0.792068] usbhid: USB HID core driver
Jun 11 05:07:21 donkeypi kernel: [    0.794898] vchiq: vchiq_init_state: slot_zero = b7980000, is_master = 0
Jun 11 05:07:21 donkeypi kernel: [    0.798576] [vc_sm_connected_init]: start
Jun 11 05:07:21 donkeypi kernel: [    0.807266] [vc_sm_connected_init]: end - returning 0
Jun 11 05:07:21 donkeypi kernel: [    0.810132] Initializing XFRM netlink socket
Jun 11 05:07:21 donkeypi kernel: [    0.812545] NET: Registered protocol family 17
Jun 11 05:07:21 donkeypi kernel: [    0.815001] Key type dns_resolver registered
Jun 11 05:07:21 donkeypi kernel: [    0.817766] Registering SWP/SWPB emulation handler
Jun 11 05:07:21 donkeypi kernel: [    0.820746] registered taskstats version 1
Jun 11 05:07:21 donkeypi kernel: [    0.828955] uart-pl011 3f201000.serial: cts_event_workaround enabled
Jun 11 05:07:21 donkeypi kernel: [    0.831576] 3f201000.serial: ttyAMA0 at MMIO 0x3f201000 (irq = 87, base_baud = 0) is a PL011 rev2
Jun 11 05:07:21 donkeypi kernel: [    0.838195] mmc-bcm2835 3f300000.mmc: mmc_debug:0 mmc_debug2:0
Jun 11 05:07:21 donkeypi kernel: [    0.840723] mmc-bcm2835 3f300000.mmc: DMA channel allocated
Jun 11 05:07:21 donkeypi kernel: [    0.902000] sdhost: log_buf @ b7907000 (f7907000)
Jun 11 05:07:21 donkeypi kernel: [    0.940629] mmc1: queuing unknown CIS tuple 0x80 (2 bytes)
Jun 11 05:07:21 donkeypi kernel: [    0.944622] mmc1: queuing unknown CIS tuple 0x80 (3 bytes)
Jun 11 05:07:21 donkeypi kernel: [    0.948464] mmc1: queuing unknown CIS tuple 0x80 (3 bytes)
Jun 11 05:07:21 donkeypi kernel: [    0.953434] mmc1: queuing unknown CIS tuple 0x80 (7 bytes)
Jun 11 05:07:21 donkeypi kernel: [    0.961490] Indeed it is in host mode hprt0 = 00021501
Jun 11 05:07:21 donkeypi kernel: [    1.023615] mmc0: sdhost-bcm2835 loaded - DMA enabled (>1)
Jun 11 05:07:21 donkeypi kernel: [    1.026747] of_cfs_init
Jun 11 05:07:21 donkeypi kernel: [    1.028879] of_cfs_init: OK
Jun 11 05:07:21 donkeypi kernel: [    1.031267] Waiting for root device PARTUUID=73b63534-02...
Jun 11 05:07:21 donkeypi kernel: [    1.136040] mmc1: new high speed SDIO card at address 0001
Jun 11 05:07:21 donkeypi kernel: [    1.161488] mmc0: host does not support reading read-only switch, assuming write-enable
Jun 11 05:07:21 donkeypi kernel: [    1.169433] mmc0: new high speed SDHC card at address aaaa
Jun 11 05:07:21 donkeypi kernel: [    1.171705] usb 1-1: new high-speed USB device number 2 using dwc_otg
Jun 11 05:07:21 donkeypi kernel: [    1.174129] Indeed it is in host mode hprt0 = 00001101
Jun 11 05:07:21 donkeypi kernel: [    1.236812] mmcblk0: mmc0:aaaa SC32G 29.7 GiB
Jun 11 05:07:21 donkeypi kernel: [    1.243496]  mmcblk0: p1 p2
Jun 11 05:07:21 donkeypi kernel: [    1.285465] EXT4-fs (mmcblk0p2): mounted filesystem with ordered data mode. Opts: (null)
Jun 11 05:07:21 donkeypi kernel: [    1.289848] VFS: Mounted root (ext4 filesystem) readonly on device 179:2.
Jun 11 05:07:21 donkeypi kernel: [    1.302095] devtmpfs: mounted
Jun 11 05:07:21 donkeypi kernel: [    1.307327] Freeing unused kernel memory: 1024K
Jun 11 05:07:21 donkeypi kernel: [    1.411706] usb 1-1: New USB device found, idVendor=0424, idProduct=9514
Jun 11 05:07:21 donkeypi kernel: [    1.414344] usb 1-1: New USB device strings: Mfr=0, Product=0, SerialNumber=0
Jun 11 05:07:21 donkeypi kernel: [    1.417618] hub 1-1:1.0: USB hub found
Jun 11 05:07:21 donkeypi kernel: [    1.420320] hub 1-1:1.0: 5 ports detected
Jun 11 05:07:21 donkeypi kernel: [    1.741421] usb 1-1.1: new high-speed USB device number 3 using dwc_otg
Jun 11 05:07:21 donkeypi kernel: [    1.855945] NET: Registered protocol family 10
Jun 11 05:07:21 donkeypi kernel: [    1.859837] Segment Routing with IPv6
Jun 11 05:07:21 donkeypi kernel: [    1.871731] usb 1-1.1: New USB device found, idVendor=0424, idProduct=ec00
Jun 11 05:07:21 donkeypi kernel: [    1.873852] ip_tables: (C) 2000-2006 Netfilter Core Team
Jun 11 05:07:21 donkeypi kernel: [    1.877216] usb 1-1.1: New USB device strings: Mfr=0, Product=0, SerialNumber=0
Jun 11 05:07:21 donkeypi kernel: [    1.882630] smsc95xx v1.0.6
Jun 11 05:07:21 donkeypi kernel: [    1.975693] smsc95xx 1-1.1:1.0 eth0: register 'smsc95xx' at usb-3f980000.usb-1.1, smsc95xx USB 2.0 Ethernet, b8:27:eb:0b:6a:f8
Jun 11 05:07:21 donkeypi kernel: [    2.899438] EXT4-fs (mmcblk0p2): re-mounted. Opts: (null)
Jun 11 05:07:21 donkeypi kernel: [    3.477951] snd_bcm2835: module is from the staging directory, the quality is unknown, you have been warned.
Jun 11 05:07:21 donkeypi kernel: [    3.483015] bcm2835_alsa bcm2835_alsa: card created with 8 channels
Jun 11 05:07:21 donkeypi kernel: [    3.682059] usbcore: registered new interface driver brcmfmac
Jun 11 05:07:21 donkeypi kernel: [    4.695455] uart-pl011 3f201000.serial: no DMA platform data
Jun 11 05:07:21 donkeypi kernel: [    5.062012] Adding 102396k swap on /var/swap.  Priority:-2 extents:1 across:102396k SSFS
Jun 11 05:07:21 donkeypi kernel: [    5.267400] IPv6: ADDRCONF(NETDEV_UP): wlan0: link is not ready
Jun 11 05:07:21 donkeypi kernel: [    5.267429] brcmfmac: power management disabled
Jun 11 05:07:21 donkeypi kernel: [    5.612474] smsc95xx 1-1.1:1.0 eth0: hardware isn't capable of remote wakeup
Jun 11 05:07:21 donkeypi kernel: [    5.612684] IPv6: ADDRCONF(NETDEV_UP): eth0: link is not ready
Jun 11 05:07:23 donkeypi kernel: [    7.159350] smsc95xx 1-1.1:1.0 eth0: link up, 100Mbps, full-duplex, lpa 0xCDE1
Jun 11 05:07:23 donkeypi kernel: [    7.159509] IPv6: ADDRCONF(NETDEV_CHANGE): eth0: link becomes ready
Jun 11 05:07:25 donkeypi kernel: [    9.151092] Bluetooth: Core ver 2.22
Jun 11 05:07:25 donkeypi kernel: [    9.151157] NET: Registered protocol family 31
Jun 11 05:07:25 donkeypi kernel: [    9.151163] Bluetooth: HCI device and connection manager initialized
Jun 11 05:07:25 donkeypi kernel: [    9.151183] Bluetooth: HCI socket layer initialized
Jun 11 05:07:25 donkeypi kernel: [    9.151196] Bluetooth: L2CAP socket layer initialized
Jun 11 05:07:25 donkeypi kernel: [    9.151228] Bluetooth: SCO socket layer initialized
Jun 11 05:07:25 donkeypi kernel: [    9.167252] Bluetooth: HCI UART driver ver 2.3
Jun 11 05:07:25 donkeypi kernel: [    9.167266] Bluetooth: HCI UART protocol H4 registered
Jun 11 05:07:25 donkeypi kernel: [    9.167272] Bluetooth: HCI UART protocol Three-wire (H5) registered
Jun 11 05:07:25 donkeypi kernel: [    9.167506] Bluetooth: HCI UART protocol Broadcom registered
Jun 11 05:07:25 donkeypi kernel: [    9.351210] Bluetooth: BNEP (Ethernet Emulation) ver 1.3
Jun 11 05:07:25 donkeypi kernel: [    9.351224] Bluetooth: BNEP filters: protocol multicast
Jun 11 05:07:25 donkeypi kernel: [    9.351242] Bluetooth: BNEP socket layer initialized
Jun 11 05:09:54 donkeypi kernel: [   65.949883] random: crng init done
Jun 11 05:12:03 donkeypi kernel: [    0.000000] Booting Linux on physical CPU 0x0
Jun 11 05:12:03 donkeypi kernel: [    0.000000] Linux version 4.14.34-v7+ (dc4@dc4-XPS13-9333) (gcc version 4.9.3 (crosstool-NG crosstool-ng-1.22.0-88-g8460611)) #1110 SMP Mon Apr 16 15:18:51 BST 2018
Jun 11 05:12:03 donkeypi kernel: [    0.000000] CPU: ARMv7 Processor [410fd034] revision 4 (ARMv7), cr=10c5383d
Jun 11 05:12:03 donkeypi kernel: [    0.000000] CPU: div instructions available: patching division code
Jun 11 05:12:03 donkeypi kernel: [    0.000000] CPU: PIPT / VIPT nonaliasing data cache, VIPT aliasing instruction cache
Jun 11 05:12:03 donkeypi kernel: [    0.000000] OF: fdt: Machine model: Raspberry Pi 3 Model B Plus Rev 1.3
Jun 11 05:12:03 donkeypi kernel: [    0.000000] Memory policy: Data cache writealloc
Jun 11 05:12:03 donkeypi kernel: [    0.000000] cma: Reserved 8 MiB at 0x37800000
Jun 11 05:12:03 donkeypi kernel: [    0.000000] random: fast init done
Jun 11 05:12:03 donkeypi kernel: [    0.000000] percpu: Embedded 17 pages/cpu @b6fbf000 s38720 r8192 d22720 u69632
Jun 11 05:12:03 donkeypi kernel: [    0.000000] Built 1 zonelists, mobility grouping on.  Total pages: 227360
Jun 11 05:12:03 donkeypi kernel: [    0.000000] Kernel command line: 8250.nr_uarts=0 bcm2708_fb.fbwidth=656 bcm2708_fb.fbheight=416 bcm2708_fb.fbswap=1 vc_mem.mem_base=0x3ec00000 vc_mem.mem_size=0x40000000  dwc_otg.lpm_enable=0 console=ttyS0,115200 console=tty1 root=PARTUUID=73b63534-02 rootfstype=ext4 elevator=deadline fsck.repair=yes rootwait
Jun 11 05:12:03 donkeypi kernel: [    0.000000] PID hash table entries: 4096 (order: 2, 16384 bytes)
Jun 11 05:12:03 donkeypi kernel: [    0.000000] Dentry cache hash table entries: 131072 (order: 7, 524288 bytes)
Jun 11 05:12:03 donkeypi kernel: [    0.000000] Inode-cache hash table entries: 65536 (order: 6, 262144 bytes)
Jun 11 05:12:03 donkeypi kernel: [    0.000000] Memory: 887456K/917504K available (7168K kernel code, 575K rwdata, 2072K rodata, 1024K init, 706K bss, 21856K reserved, 8192K cma-reserved)
Jun 11 05:12:03 donkeypi kernel: [    0.000000] Virtual kernel memory layout:
Jun 11 05:12:03 donkeypi kernel: [    0.000000]     vector  : 0xffff0000 - 0xffff1000   (   4 kB)
Jun 11 05:12:03 donkeypi kernel: [    0.000000]     fixmap  : 0xffc00000 - 0xfff00000   (3072 kB)
Jun 11 05:12:03 donkeypi kernel: [    0.000000]     vmalloc : 0xb8800000 - 0xff800000   (1136 MB)
Jun 11 05:12:03 donkeypi kernel: [    0.000000]     lowmem  : 0x80000000 - 0xb8000000   ( 896 MB)
Jun 11 05:12:03 donkeypi kernel: [    0.000000]     modules : 0x7f000000 - 0x80000000   (  16 MB)
Jun 11 05:12:03 donkeypi kernel: [    0.000000]       .text : 0x80008000 - 0x80800000   (8160 kB)
Jun 11 05:12:03 donkeypi kernel: [    0.000000]       .init : 0x80b00000 - 0x80c00000   (1024 kB)
Jun 11 05:12:03 donkeypi kernel: [    0.000000]       .data : 0x80c00000 - 0x80c8fd4c   ( 576 kB)
Jun 11 05:12:03 donkeypi kernel: [    0.000000]        .bss : 0x80c96f4c - 0x80d478b4   ( 707 kB)
Jun 11 05:12:03 donkeypi kernel: [    0.000000] SLUB: HWalign=64, Order=0-3, MinObjects=0, CPUs=4, Nodes=1
Jun 11 05:12:03 donkeypi kernel: [    0.000000] ftrace: allocating 25231 entries in 74 pages
Jun 11 05:12:03 donkeypi kernel: [    0.000000] Hierarchical RCU implementation.
Jun 11 05:12:03 donkeypi kernel: [    0.000000] NR_IRQS: 16, nr_irqs: 16, preallocated irqs: 16
Jun 11 05:12:03 donkeypi kernel: [    0.000000] arch_timer: cp15 timer(s) running at 19.20MHz (phys).
Jun 11 05:12:03 donkeypi kernel: [    0.000000] clocksource: arch_sys_counter: mask: 0xffffffffffffff max_cycles: 0x46d987e47, max_idle_ns: 440795202767 ns
Jun 11 05:12:03 donkeypi kernel: [    0.000007] sched_clock: 56 bits at 19MHz, resolution 52ns, wraps every 4398046511078ns
Jun 11 05:12:03 donkeypi kernel: [    0.000023] Switching to timer-based delay loop, resolution 52ns
Jun 11 05:12:03 donkeypi kernel: [    0.000278] Console: colour dummy device 80x30
Jun 11 05:12:03 donkeypi kernel: [    0.000821] console [tty1] enabled
Jun 11 05:12:03 donkeypi kernel: [    0.000859] Calibrating delay loop (skipped), value calculated using timer frequency.. 38.40 BogoMIPS (lpj=192000)
Jun 11 05:12:03 donkeypi kernel: [    0.000899] pid_max: default: 32768 minimum: 301
Jun 11 05:12:03 donkeypi kernel: [    0.001225] Mount-cache hash table entries: 2048 (order: 1, 8192 bytes)
Jun 11 05:12:03 donkeypi kernel: [    0.001259] Mountpoint-cache hash table entries: 2048 (order: 1, 8192 bytes)
Jun 11 05:12:03 donkeypi kernel: [    0.002209] Disabling memory control group subsystem
Jun 11 05:12:03 donkeypi kernel: [    0.002307] CPU: Testing write buffer coherency: ok
Jun 11 05:12:03 donkeypi kernel: [    0.002715] CPU0: thread -1, cpu 0, socket 0, mpidr 80000000
Jun 11 05:12:03 donkeypi kernel: [    0.003108] Setting up static identity map for 0x100000 - 0x10003c
Jun 11 05:12:03 donkeypi kernel: [    0.003241] Hierarchical SRCU implementation.
Jun 11 05:12:03 donkeypi kernel: [    0.003887] smp: Bringing up secondary CPUs ...
Jun 11 05:12:03 donkeypi kernel: [    0.004591] CPU1: thread -1, cpu 1, socket 0, mpidr 80000001
Jun 11 05:12:03 donkeypi kernel: [    0.005343] CPU2: thread -1, cpu 2, socket 0, mpidr 80000002
Jun 11 05:12:03 donkeypi kernel: [    0.006074] CPU3: thread -1, cpu 3, socket 0, mpidr 80000003
Jun 11 05:12:03 donkeypi kernel: [    0.006178] smp: Brought up 1 node, 4 CPUs
Jun 11 05:12:03 donkeypi kernel: [    0.006249] SMP: Total of 4 processors activated (153.60 BogoMIPS).
Jun 11 05:12:03 donkeypi kernel: [    0.006270] CPU: All CPU(s) started in HYP mode.
Jun 11 05:12:03 donkeypi kernel: [    0.006288] CPU: Virtualization extensions available.
Jun 11 05:12:03 donkeypi kernel: [    0.007148] devtmpfs: initialized
Jun 11 05:12:03 donkeypi kernel: [    0.017578] VFP support v0.3: implementor 41 architecture 3 part 40 variant 3 rev 4
Jun 11 05:12:03 donkeypi kernel: [    0.017830] clocksource: jiffies: mask: 0xffffffff max_cycles: 0xffffffff, max_idle_ns: 19112604462750000 ns
Jun 11 05:12:03 donkeypi kernel: [    0.017875] futex hash table entries: 1024 (order: 4, 65536 bytes)
Jun 11 05:12:03 donkeypi kernel: [    0.018454] pinctrl core: initialized pinctrl subsystem
Jun 11 05:12:03 donkeypi kernel: [    0.019213] NET: Registered protocol family 16
Jun 11 05:12:03 donkeypi kernel: [    0.021826] DMA: preallocated 1024 KiB pool for atomic coherent allocations
Jun 11 05:12:03 donkeypi kernel: [    0.026517] hw-breakpoint: found 5 (+1 reserved) breakpoint and 4 watchpoint registers.
Jun 11 05:12:03 donkeypi kernel: [    0.026549] hw-breakpoint: maximum watchpoint size is 8 bytes.
Jun 11 05:12:03 donkeypi kernel: [    0.026775] Serial: AMBA PL011 UART driver
Jun 11 05:12:03 donkeypi kernel: [    0.028410] bcm2835-mbox 3f00b880.mailbox: mailbox enabled
Jun 11 05:12:03 donkeypi kernel: [    0.028886] uart-pl011 3f201000.serial: could not find pctldev for node /soc/gpio@7e200000/uart0_pins, deferring probe
Jun 11 05:12:03 donkeypi kernel: [    0.059962] bcm2835-dma 3f007000.dma: DMA legacy API manager at b8813000, dmachans=0x1
Jun 11 05:12:03 donkeypi kernel: [    0.061484] SCSI subsystem initialized
Jun 11 05:12:03 donkeypi kernel: [    0.061723] usbcore: registered new interface driver usbfs
Jun 11 05:12:03 donkeypi kernel: [    0.061791] usbcore: registered new interface driver hub
Jun 11 05:12:03 donkeypi kernel: [    0.061893] usbcore: registered new device driver usb
Jun 11 05:12:03 donkeypi kernel: [    0.070078] raspberrypi-firmware soc:firmware: Attached to firmware from 2018-04-16 18:21
Jun 11 05:12:03 donkeypi kernel: [    0.071375] clocksource: Switched to clocksource arch_sys_counter
Jun 11 05:12:03 donkeypi kernel: [    0.148774] VFS: Disk quotas dquot_6.6.0
Jun 11 05:12:03 donkeypi kernel: [    0.148886] VFS: Dquot-cache hash table entries: 1024 (order 0, 4096 bytes)
Jun 11 05:12:03 donkeypi kernel: [    0.149091] FS-Cache: Loaded
Jun 11 05:12:03 donkeypi kernel: [    0.149299] CacheFiles: Loaded
Jun 11 05:12:03 donkeypi kernel: [    0.158117] NET: Registered protocol family 2
Jun 11 05:12:03 donkeypi kernel: [    0.158857] TCP established hash table entries: 8192 (order: 3, 32768 bytes)
Jun 11 05:12:03 donkeypi kernel: [    0.158987] TCP bind hash table entries: 8192 (order: 4, 65536 bytes)
Jun 11 05:12:03 donkeypi kernel: [    0.159189] TCP: Hash tables configured (established 8192 bind 8192)
Jun 11 05:12:03 donkeypi kernel: [    0.159336] UDP hash table entries: 512 (order: 2, 16384 bytes)
Jun 11 05:12:03 donkeypi kernel: [    0.159397] UDP-Lite hash table entries: 512 (order: 2, 16384 bytes)
Jun 11 05:12:03 donkeypi kernel: [    0.159644] NET: Registered protocol family 1
Jun 11 05:12:03 donkeypi kernel: [    0.160090] RPC: Registered named UNIX socket transport module.
Jun 11 05:12:03 donkeypi kernel: [    0.160115] RPC: Registered udp transport module.
Jun 11 05:12:03 donkeypi kernel: [    0.160134] RPC: Registered tcp transport module.
Jun 11 05:12:03 donkeypi kernel: [    0.160153] RPC: Registered tcp NFSv4.1 backchannel transport module.
Jun 11 05:12:03 donkeypi kernel: [    0.161662] hw perfevents: enabled with armv7_cortex_a7 PMU driver, 7 counters available
Jun 11 05:12:03 donkeypi kernel: [    0.164419] workingset: timestamp_bits=14 max_order=18 bucket_order=4
Jun 11 05:12:03 donkeypi kernel: [    0.172353] FS-Cache: Netfs 'nfs' registered for caching
Jun 11 05:12:03 donkeypi kernel: [    0.172959] NFS: Registering the id_resolver key type
Jun 11 05:12:03 donkeypi kernel: [    0.173009] Key type id_resolver registered
Jun 11 05:12:03 donkeypi kernel: [    0.173028] Key type id_legacy registered
Jun 11 05:12:03 donkeypi kernel: [    0.173057] nfs4filelayout_init: NFSv4 File Layout Driver Registering...
Jun 11 05:12:03 donkeypi kernel: [    0.174924] Block layer SCSI generic (bsg) driver version 0.4 loaded (major 251)
Jun 11 05:12:03 donkeypi kernel: [    0.175071] io scheduler noop registered
Jun 11 05:12:03 donkeypi kernel: [    0.175093] io scheduler deadline registered (default)
Jun 11 05:12:03 donkeypi kernel: [    0.175384] io scheduler cfq registered
Jun 11 05:12:03 donkeypi kernel: [    0.175405] io scheduler mq-deadline registered
Jun 11 05:12:03 donkeypi kernel: [    0.175426] io scheduler kyber registered
Jun 11 05:12:03 donkeypi kernel: [    0.177698] BCM2708FB: allocated DMA memory f7900000
Jun 11 05:12:03 donkeypi kernel: [    0.177742] BCM2708FB: allocated DMA channel 0 @ b8813000
Jun 11 05:12:03 donkeypi kernel: [    0.186250] Console: switching to colour frame buffer device 82x26
Jun 11 05:12:03 donkeypi kernel: [    0.194502] bcm2835-rng 3f104000.rng: hwrng registered
Jun 11 05:12:03 donkeypi kernel: [    0.196929] vc-mem: phys_addr:0x00000000 mem_base=0x3ec00000 mem_size:0x40000000(1024 MiB)
Jun 11 05:12:03 donkeypi kernel: [    0.202125] vc-sm: Videocore shared memory driver
Jun 11 05:12:03 donkeypi kernel: [    0.204718] gpiomem-bcm2835 3f200000.gpiomem: Initialised: Registers at 0x3f200000
Jun 11 05:12:03 donkeypi kernel: [    0.218887] brd: module loaded
Jun 11 05:12:03 donkeypi kernel: [    0.229789] loop: module loaded
Jun 11 05:12:03 donkeypi kernel: [    0.232113] Loading iSCSI transport class v2.0-870.
Jun 11 05:12:03 donkeypi kernel: [    0.235076] libphy: Fixed MDIO Bus: probed
Jun 11 05:12:03 donkeypi kernel: [    0.237438] usbcore: registered new interface driver lan78xx
Jun 11 05:12:03 donkeypi kernel: [    0.239771] usbcore: registered new interface driver smsc95xx
Jun 11 05:12:03 donkeypi kernel: [    0.241965] dwc_otg: version 3.00a 10-AUG-2012 (platform bus)
Jun 11 05:12:03 donkeypi kernel: [    0.472257] Core Release: 2.80a
Jun 11 05:12:03 donkeypi kernel: [    0.474435] Setting default values for core params
Jun 11 05:12:03 donkeypi kernel: [    0.476682] Finished setting default values for core params
Jun 11 05:12:03 donkeypi kernel: [    0.679221] Using Buffer DMA mode
Jun 11 05:12:03 donkeypi kernel: [    0.681535] Periodic Transfer Interrupt Enhancement - disabled
Jun 11 05:12:03 donkeypi kernel: [    0.683911] Multiprocessor Interrupt Enhancement - disabled
Jun 11 05:12:03 donkeypi kernel: [    0.686344] OTG VER PARAM: 0, OTG VER FLAG: 0
Jun 11 05:12:03 donkeypi kernel: [    0.688732] Dedicated Tx FIFOs mode
Jun 11 05:12:03 donkeypi kernel: [    0.691474] WARN::dwc_otg_hcd_init:1046: FIQ DMA bounce buffers: virt = 0xb7914000 dma = 0xf7914000 len=9024
Jun 11 05:12:03 donkeypi kernel: [    0.696185] FIQ FSM acceleration enabled for :
Jun 11 05:12:03 donkeypi kernel: [    0.696185] Non-periodic Split Transactions
Jun 11 05:12:03 donkeypi kernel: [    0.696185] Periodic Split Transactions
Jun 11 05:12:03 donkeypi kernel: [    0.696185] High-Speed Isochronous Endpoints
Jun 11 05:12:03 donkeypi kernel: [    0.696185] Interrupt/Control Split Transaction hack enabled
Jun 11 05:12:03 donkeypi mtp-probe: checking bus 1, device 4: "/sys/devices/platform/soc/3f980000.usb/usb1/1-1/1-1.1/1-1.1.1"
Jun 11 05:12:03 donkeypi kernel: [    0.707312] WARN::hcd_init_fiq:459: FIQ on core 1 at 0x805e6a40
Jun 11 05:12:03 donkeypi kernel: [    0.709591] WARN::hcd_init_fiq:460: FIQ ASM at 0x805e6da8 length 36
Jun 11 05:12:03 donkeypi kernel: [    0.711859] WARN::hcd_init_fiq:486: MPHI regs_base at 0xb887e000
Jun 11 05:12:03 donkeypi kernel: [    0.714155] dwc_otg 3f980000.usb: DWC OTG Controller
Jun 11 05:12:03 donkeypi kernel: [    0.716477] dwc_otg 3f980000.usb: new USB bus registered, assigned bus number 1
Jun 11 05:12:03 donkeypi mtp-probe: bus: 1, device: 4 was not an MTP device
Jun 11 05:12:03 donkeypi kernel: [    0.718845] dwc_otg 3f980000.usb: irq 62, io mem 0x00000000
Jun 11 05:12:03 donkeypi kernel: [    0.721172] Init: Port Power? op_state=1
Jun 11 05:12:03 donkeypi kernel: [    0.723453] Init: Power Port (0)
Jun 11 05:12:03 donkeypi kernel: [    0.725842] usb usb1: New USB device found, idVendor=1d6b, idProduct=0002
Jun 11 05:12:03 donkeypi kernel: [    0.728159] usb usb1: New USB device strings: Mfr=3, Product=2, SerialNumber=1
Jun 11 05:12:03 donkeypi kernel: [    0.730465] usb usb1: Product: DWC OTG Controller
Jun 11 05:12:03 donkeypi kernel: [    0.732745] usb usb1: Manufacturer: Linux 4.14.34-v7+ dwc_otg_hcd
Jun 11 05:12:03 donkeypi kernel: [    0.735027] usb usb1: SerialNumber: 3f980000.usb
Jun 11 05:12:03 donkeypi kernel: [    0.737864] hub 1-0:1.0: USB hub found
Jun 11 05:12:03 donkeypi kernel: [    0.740075] hub 1-0:1.0: 1 port detected
Jun 11 05:12:03 donkeypi kernel: [    0.742896] usbcore: registered new interface driver usb-storage
Jun 11 05:12:03 donkeypi kernel: [    0.745182] mousedev: PS/2 mouse device common for all mice
Jun 11 05:12:03 donkeypi kernel: [    0.747405] IR NEC protocol handler initialized
Jun 11 05:12:03 donkeypi kernel: [    0.749578] IR RC5(x/sz) protocol handler initialized
Jun 11 05:12:03 donkeypi kernel: [    0.751810] IR RC6 protocol handler initialized
Jun 11 05:12:03 donkeypi kernel: [    0.753995] IR JVC protocol handler initialized
Jun 11 05:12:03 donkeypi kernel: [    0.756078] IR Sony protocol handler initialized
Jun 11 05:12:03 donkeypi kernel: [    0.758169] IR SANYO protocol handler initialized
Jun 11 05:12:03 donkeypi kernel: [    0.760258] IR Sharp protocol handler initialized
Jun 11 05:12:03 donkeypi kernel: [    0.762300] IR MCE Keyboard/mouse protocol handler initialized
Jun 11 05:12:03 donkeypi kernel: [    0.764337] IR XMP protocol handler initialized
Jun 11 05:12:03 donkeypi kernel: [    0.767003] bcm2835-wdt 3f100000.watchdog: Broadcom BCM2835 watchdog timer
Jun 11 05:12:03 donkeypi kernel: [    0.769353] bcm2835-cpufreq: min=600000 max=1400000
Jun 11 05:12:03 donkeypi kernel: [    0.771829] sdhci: Secure Digital Host Controller Interface driver
Jun 11 05:12:03 donkeypi kernel: [    0.773960] sdhci: Copyright(c) Pierre Ossman
Jun 11 05:12:03 donkeypi kernel: [    0.776397] mmc-bcm2835 3f300000.mmc: could not get clk, deferring probe
Jun 11 05:12:03 donkeypi kernel: [    0.778869] sdhost-bcm2835 3f202000.mmc: could not get clk, deferring probe
Jun 11 05:12:03 donkeypi kernel: [    0.781163] sdhci-pltfm: SDHCI platform and OF driver helper
Jun 11 05:12:03 donkeypi kernel: [    0.784824] ledtrig-cpu: registered to indicate activity on CPUs
Jun 11 05:12:03 donkeypi kernel: [    0.787221] hidraw: raw HID events driver (C) Jiri Kosina
Jun 11 05:12:03 donkeypi kernel: [    0.789691] usbcore: registered new interface driver usbhid
Jun 11 05:12:03 donkeypi kernel: [    0.792026] usbhid: USB HID core driver
Jun 11 05:12:03 donkeypi kernel: [    0.794847] vchiq: vchiq_init_state: slot_zero = b7980000, is_master = 0
Jun 11 05:12:03 donkeypi kernel: [    0.798543] [vc_sm_connected_init]: start
Jun 11 05:12:03 donkeypi kernel: [    0.807255] [vc_sm_connected_init]: end - returning 0
Jun 11 05:12:03 donkeypi kernel: [    0.810110] Initializing XFRM netlink socket
Jun 11 05:12:03 donkeypi kernel: [    0.812552] NET: Registered protocol family 17
Jun 11 05:12:03 donkeypi kernel: [    0.815031] Key type dns_resolver registered
Jun 11 05:12:03 donkeypi kernel: [    0.817800] Registering SWP/SWPB emulation handler
Jun 11 05:12:03 donkeypi kernel: [    0.820843] registered taskstats version 1
Jun 11 05:12:03 donkeypi kernel: [    0.829089] uart-pl011 3f201000.serial: cts_event_workaround enabled
Jun 11 05:12:03 donkeypi kernel: [    0.831713] 3f201000.serial: ttyAMA0 at MMIO 0x3f201000 (irq = 87, base_baud = 0) is a PL011 rev2
Jun 11 05:12:03 donkeypi kernel: [    0.838437] mmc-bcm2835 3f300000.mmc: mmc_debug:0 mmc_debug2:0
Jun 11 05:12:03 donkeypi kernel: [    0.840970] mmc-bcm2835 3f300000.mmc: DMA channel allocated
Jun 11 05:12:03 donkeypi kernel: [    0.902009] sdhost: log_buf @ b7913000 (f7913000)
Jun 11 05:12:03 donkeypi kernel: [    0.940667] mmc1: queuing unknown CIS tuple 0x80 (2 bytes)
Jun 11 05:12:03 donkeypi kernel: [    0.944665] mmc1: queuing unknown CIS tuple 0x80 (3 bytes)
Jun 11 05:12:03 donkeypi kernel: [    0.948511] mmc1: queuing unknown CIS tuple 0x80 (3 bytes)
Jun 11 05:12:03 donkeypi kernel: [    0.953518] mmc1: queuing unknown CIS tuple 0x80 (7 bytes)
Jun 11 05:12:03 donkeypi kernel: [    0.961474] Indeed it is in host mode hprt0 = 00021501
Jun 11 05:12:03 donkeypi kernel: [    0.981394] mmc0: sdhost-bcm2835 loaded - DMA enabled (>1)
Jun 11 05:12:03 donkeypi kernel: [    1.012377] of_cfs_init
Jun 11 05:12:03 donkeypi kernel: [    1.014465] of_cfs_init: OK
Jun 11 05:12:03 donkeypi mtp-probe: checking bus 1, device 4: "/sys/devices/platform/soc/3f980000.usb/usb1/1-1/1-1.1/1-1.1.1"
Jun 11 05:12:03 donkeypi mtp-probe: bus: 1, device: 4 was not an MTP device
Jun 11 05:12:03 donkeypi liblogging-stdlog:  [origin software="rsyslogd" swVersion="8.24.0" x-pid="334" x-info="http://www.rsyslog.com"] start
Jun 11 05:12:03 donkeypi kernel: [    1.016850] Waiting for root device PARTUUID=73b63534-02...
Jun 11 05:12:03 donkeypi kernel: [    1.042502] mmc1: new high speed SDIO card at address 0001
Jun 11 05:12:03 donkeypi kernel: [    1.111226] mmc0: host does not support reading read-only switch, assuming write-enable
Jun 11 05:12:03 donkeypi kernel: [    1.119346] mmc0: new high speed SDHC card at address aaaa
Jun 11 05:12:03 donkeypi kernel: [    1.122000] mmcblk0: mmc0:aaaa SC32G 29.7 GiB
Jun 11 05:12:03 donkeypi kernel: [    1.128491]  mmcblk0: p1 p2
Jun 11 05:12:03 donkeypi kernel: [    1.132980] EXT4-fs (mmcblk0p2): INFO: recovery required on readonly filesystem
Jun 11 05:12:03 donkeypi kernel: [    1.135221] EXT4-fs (mmcblk0p2): write access will be enabled during recovery
Jun 11 05:12:03 donkeypi kernel: [    1.171417] usb 1-1: new high-speed USB device number 2 using dwc_otg
Jun 11 05:12:03 donkeypi kernel: [    1.173739] Indeed it is in host mode hprt0 = 00001101
Jun 11 05:12:03 donkeypi kernel: [    1.209651] EXT4-fs (mmcblk0p2): recovery complete
Jun 11 05:12:03 donkeypi kernel: [    1.217505] EXT4-fs (mmcblk0p2): mounted filesystem with ordered data mode. Opts: (null)
Jun 11 05:12:03 donkeypi kernel: [    1.222048] VFS: Mounted root (ext4 filesystem) readonly on device 179:2.
Jun 11 05:12:03 donkeypi kernel: [    1.232947] devtmpfs: mounted
Jun 11 05:12:03 donkeypi kernel: [    1.238476] Freeing unused kernel memory: 1024K
Jun 11 05:12:03 donkeypi kernel: [    1.411719] usb 1-1: New USB device found, idVendor=0424, idProduct=2514
Jun 11 05:12:03 donkeypi kernel: [    1.414430] usb 1-1: New USB device strings: Mfr=0, Product=0, SerialNumber=0
Jun 11 05:12:03 donkeypi kernel: [    1.417721] hub 1-1:1.0: USB hub found
Jun 11 05:12:03 donkeypi kernel: [    1.420493] hub 1-1:1.0: 4 ports detected
Jun 11 05:12:03 donkeypi kernel: [    1.741424] usb 1-1.1: new high-speed USB device number 3 using dwc_otg
Jun 11 05:12:03 donkeypi kernel: [    1.777046] NET: Registered protocol family 10
Jun 11 05:12:03 donkeypi kernel: [    1.780843] Segment Routing with IPv6
Jun 11 05:12:03 donkeypi kernel: [    1.794362] ip_tables: (C) 2000-2006 Netfilter Core Team
Jun 11 05:12:03 donkeypi kernel: [    1.871761] usb 1-1.1: New USB device found, idVendor=0424, idProduct=2514
Jun 11 05:12:03 donkeypi kernel: [    1.874442] usb 1-1.1: New USB device strings: Mfr=0, Product=0, SerialNumber=0
Jun 11 05:12:03 donkeypi kernel: [    1.877930] hub 1-1.1:1.0: USB hub found
Jun 11 05:12:03 donkeypi kernel: [    1.881577] hub 1-1.1:1.0: 3 ports detected
Jun 11 05:12:03 donkeypi kernel: [    2.244423] dwc_otg_handle_wakeup_detected_intr lxstate = 2
Jun 11 05:12:03 donkeypi kernel: [    2.831464] usb 1-1.1.1: new high-speed USB device number 4 using dwc_otg
Jun 11 05:12:03 donkeypi kernel: [    2.961853] usb 1-1.1.1: New USB device found, idVendor=0424, idProduct=7800
Jun 11 05:12:03 donkeypi kernel: [    2.961869] usb 1-1.1.1: New USB device strings: Mfr=0, Product=0, SerialNumber=0
Jun 11 05:12:03 donkeypi kernel: [    3.236842] libphy: lan78xx-mdiobus: probed
Jun 11 05:12:03 donkeypi kernel: [    7.663131] EXT4-fs (mmcblk0p2): re-mounted. Opts: (null)
Jun 11 05:12:03 donkeypi kernel: [    8.242922] snd_bcm2835: module is from the staging directory, the quality is unknown, you have been warned.
Jun 11 05:12:03 donkeypi kernel: [    8.254402] bcm2835_alsa bcm2835_alsa: card created with 8 channels
Jun 11 05:12:03 donkeypi kernel: [    8.370496] usbcore: registered new interface driver brcmfmac
Jun 11 05:12:03 donkeypi kernel: [    8.527925] random: crng init done
Jun 11 05:12:03 donkeypi kernel: [    9.349582] uart-pl011 3f201000.serial: no DMA platform data
Jun 11 05:12:04 donkeypi kernel: [    9.738820] Adding 102396k swap on /var/swap.  Priority:-2 extents:1 across:102396k SSFS
Jun 11 05:12:04 donkeypi kernel: [    9.937158] IPv6: ADDRCONF(NETDEV_UP): wlan0: link is not ready
Jun 11 05:12:04 donkeypi kernel: [    9.937172] brcmfmac: power management disabled
Jun 11 05:12:04 donkeypi kernel: [   10.178007] IPv6: ADDRCONF(NETDEV_UP): eth0: link is not ready
Jun 11 05:12:04 donkeypi kernel: [   10.185245] IPv6: ADDRCONF(NETDEV_CHANGE): eth0: link becomes ready
Jun 11 05:12:10 donkeypi kernel: [   15.861709] Bluetooth: Core ver 2.22
Jun 11 05:12:10 donkeypi kernel: [   15.861789] NET: Registered protocol family 31
Jun 11 05:12:10 donkeypi kernel: [   15.861795] Bluetooth: HCI device and connection manager initialized
Jun 11 05:12:10 donkeypi kernel: [   15.861817] Bluetooth: HCI socket layer initialized
Jun 11 05:12:10 donkeypi kernel: [   15.861831] Bluetooth: L2CAP socket layer initialized
Jun 11 05:12:10 donkeypi kernel: [   15.861864] Bluetooth: SCO socket layer initialized
Jun 11 05:12:10 donkeypi kernel: [   15.877326] Bluetooth: HCI UART driver ver 2.3
Jun 11 05:12:10 donkeypi kernel: [   15.877341] Bluetooth: HCI UART protocol H4 registered
Jun 11 05:12:10 donkeypi kernel: [   15.877347] Bluetooth: HCI UART protocol Three-wire (H5) registered
Jun 11 05:12:10 donkeypi kernel: [   15.877582] Bluetooth: HCI UART protocol Broadcom registered
Jun 11 05:12:10 donkeypi kernel: [   16.068307] Bluetooth: BNEP (Ethernet Emulation) ver 1.3
Jun 11 05:12:10 donkeypi kernel: [   16.068310] Bluetooth: BNEP filters: protocol multicast
Jun 11 05:12:10 donkeypi kernel: [   16.068327] Bluetooth: BNEP socket layer initialized
Jun 11 06:09:15 donkeypi mtp-probe: checking bus 1, device 3: "/sys/devices/platform/soc/3f980000.usb/usb1/1-1/1-1.1"
Jun 11 06:09:15 donkeypi mtp-probe: bus: 1, device: 3 was not an MTP device
Jun 11 06:09:15 donkeypi liblogging-stdlog:  [origin software="rsyslogd" swVersion="8.24.0" x-pid="315" x-info="http://www.rsyslog.com"] start
Jun 11 06:09:15 donkeypi kernel: [    0.000000] Booting Linux on physical CPU 0x0
Jun 11 06:09:15 donkeypi kernel: [    0.000000] Linux version 4.14.34-v7+ (dc4@dc4-XPS13-9333) (gcc version 4.9.3 (crosstool-NG crosstool-ng-1.22.0-88-g8460611)) #1110 SMP Mon Apr 16 15:18:51 BST 2018
Jun 11 06:09:15 donkeypi kernel: [    0.000000] CPU: ARMv7 Processor [410fd034] revision 4 (ARMv7), cr=10c5383d
Jun 11 06:09:15 donkeypi kernel: [    0.000000] CPU: div instructions available: patching division code
Jun 11 06:09:15 donkeypi kernel: [    0.000000] CPU: PIPT / VIPT nonaliasing data cache, VIPT aliasing instruction cache
Jun 11 06:09:15 donkeypi kernel: [    0.000000] OF: fdt: Machine model: Raspberry Pi 3 Model B Rev 1.2
Jun 11 06:09:15 donkeypi kernel: [    0.000000] Memory policy: Data cache writealloc
Jun 11 06:09:15 donkeypi kernel: [    0.000000] cma: Reserved 8 MiB at 0x37800000
Jun 11 06:09:15 donkeypi kernel: [    0.000000] random: fast init done
Jun 11 06:09:15 donkeypi kernel: [    0.000000] percpu: Embedded 17 pages/cpu @b6fbf000 s38720 r8192 d22720 u69632
Jun 11 06:09:15 donkeypi kernel: [    0.000000] Built 1 zonelists, mobility grouping on.  Total pages: 227360
Jun 11 06:09:15 donkeypi kernel: [    0.000000] Kernel command line: 8250.nr_uarts=0 bcm2708_fb.fbwidth=656 bcm2708_fb.fbheight=416 bcm2708_fb.fbswap=1 vc_mem.mem_base=0x3ec00000 vc_mem.mem_size=0x40000000  dwc_otg.lpm_enable=0 console=ttyS0,115200 console=tty1 root=PARTUUID=73b63534-02 rootfstype=ext4 elevator=deadline fsck.repair=yes rootwait
Jun 11 06:09:15 donkeypi kernel: [    0.000000] PID hash table entries: 4096 (order: 2, 16384 bytes)
Jun 11 06:09:15 donkeypi kernel: [    0.000000] Dentry cache hash table entries: 131072 (order: 7, 524288 bytes)
Jun 11 06:09:15 donkeypi kernel: [    0.000000] Inode-cache hash table entries: 65536 (order: 6, 262144 bytes)
Jun 11 06:09:15 donkeypi kernel: [    0.000000] Memory: 887456K/917504K available (7168K kernel code, 575K rwdata, 2072K rodata, 1024K init, 706K bss, 21856K reserved, 8192K cma-reserved)
Jun 11 06:09:15 donkeypi kernel: [    0.000000] Virtual kernel memory layout:
Jun 11 06:09:15 donkeypi kernel: [    0.000000]     vector  : 0xffff0000 - 0xffff1000   (   4 kB)
Jun 11 06:09:15 donkeypi kernel: [    0.000000]     fixmap  : 0xffc00000 - 0xfff00000   (3072 kB)
Jun 11 06:09:15 donkeypi kernel: [    0.000000]     vmalloc : 0xb8800000 - 0xff800000   (1136 MB)
Jun 11 06:09:15 donkeypi kernel: [    0.000000]     lowmem  : 0x80000000 - 0xb8000000   ( 896 MB)
Jun 11 06:09:15 donkeypi kernel: [    0.000000]     modules : 0x7f000000 - 0x80000000   (  16 MB)
Jun 11 06:09:15 donkeypi kernel: [    0.000000]       .text : 0x80008000 - 0x80800000   (8160 kB)
Jun 11 06:09:15 donkeypi kernel: [    0.000000]       .init : 0x80b00000 - 0x80c00000   (1024 kB)
Jun 11 06:09:15 donkeypi kernel: [    0.000000]       .data : 0x80c00000 - 0x80c8fd4c   ( 576 kB)
Jun 11 06:09:15 donkeypi kernel: [    0.000000]        .bss : 0x80c96f4c - 0x80d478b4   ( 707 kB)
Jun 11 06:09:15 donkeypi kernel: [    0.000000] SLUB: HWalign=64, Order=0-3, MinObjects=0, CPUs=4, Nodes=1
Jun 11 06:09:15 donkeypi kernel: [    0.000000] ftrace: allocating 25231 entries in 74 pages
Jun 11 06:09:15 donkeypi kernel: [    0.000000] Hierarchical RCU implementation.
Jun 11 06:09:15 donkeypi kernel: [    0.000000] NR_IRQS: 16, nr_irqs: 16, preallocated irqs: 16
Jun 11 06:09:15 donkeypi kernel: [    0.000000] arch_timer: cp15 timer(s) running at 19.20MHz (phys).
